Mar  4 16:44:10 localhost journal: Runtime journal is using 6.0M (max allowed 48.6M, trying to leave 72.9M free of 480.1M available â†’ current limit 48.6M).
Mar  4 16:44:10 localhost kernel: Initializing cgroup subsys cpuset
Mar  4 16:44:10 localhost kernel: Initializing cgroup subsys cpu
Mar  4 16:44:10 localhost kernel: Initializing cgroup subsys cpuacct
Mar  4 16:44:10 localhost kernel: Linux version 3.10.0-957.el7.x86_64 (mockbuild@kbuilder.bsys.centos.org) (gcc version 4.8.5 20150623 (Red Hat 4.8.5-36) (GCC) ) #1 SMP Thu Nov 8 23:39:32 UTC 2018
Mar  4 16:44:10 localhost kernel: Command line: BOOT_IMAGE=/vmlinuz-3.10.0-957.el7.x86_64 root=UUID=d14b1e10-91f8-44ee-967a-9c16a05fc3f1 ro crashkernel=auto rhgb quiet LANG=en_US.UTF-8
Mar  4 16:44:10 localhost kernel: Disabled fast string operations
Mar  4 16:44:10 localhost kernel: e820: BIOS-provided physical RAM map:
Mar  4 16:44:10 localhost kernel: BIOS-e820: [mem 0x0000000000000000-0x000000000009ebff] usable
Mar  4 16:44:10 localhost kernel: BIOS-e820: [mem 0x000000000009ec00-0x000000000009ffff] reserved
Mar  4 16:44:10 localhost kernel: BIOS-e820: [mem 0x00000000000dc000-0x00000000000fffff] reserved
Mar  4 16:44:10 localhost kernel: BIOS-e820: [mem 0x0000000000100000-0x000000003fedffff] usable
Mar  4 16:44:10 localhost kernel: BIOS-e820: [mem 0x000000003fee0000-0x000000003fefefff] ACPI data
Mar  4 16:44:10 localhost kernel: BIOS-e820: [mem 0x000000003feff000-0x000000003fefffff] ACPI NVS
Mar  4 16:44:10 localhost kernel: BIOS-e820: [mem 0x000000003ff00000-0x000000003fffffff] usable
Mar  4 16:44:10 localhost kernel: BIOS-e820: [mem 0x00000000f0000000-0x00000000f7ffffff] reserved
Mar  4 16:44:10 localhost kernel: BIOS-e820: [mem 0x00000000fec00000-0x00000000fec0ffff] reserved
Mar  4 16:44:10 localhost kernel: BIOS-e820: [mem 0x00000000fee00000-0x00000000fee00fff] reserved
Mar  4 16:44:10 localhost kernel: BIOS-e820: [mem 0x00000000fffe0000-0x00000000ffffffff] reserved
Mar  4 16:44:10 localhost kernel: NX (Execute Disable) protection: active
Mar  4 16:44:10 localhost kernel: SMBIOS 2.4 present.
Mar  4 16:44:10 localhost kernel: DMI: VMware, Inc. VMware Virtual Platform/440BX Desktop Reference Platform, BIOS 6.00 05/20/2014
Mar  4 16:44:10 localhost kernel: Hypervisor detected: VMware
Mar  4 16:44:10 localhost kernel: vmware: TSC freq read from hypervisor : 2000.003 MHz
Mar  4 16:44:10 localhost kernel: vmware: Host bus clock speed read from hypervisor : 66000000 Hz
Mar  4 16:44:10 localhost kernel: vmware: using sched offset of 28913668311 ns
Mar  4 16:44:10 localhost kernel: e820: last_pfn = 0x40000 max_arch_pfn = 0x400000000
Mar  4 16:44:10 localhost kernel: PAT configuration [0-7]: WB  WC  UC- UC  WB  WP  UC- UC  
Mar  4 16:44:10 localhost kernel: found SMP MP-table at [mem 0x000f6b30-0x000f6b3f] mapped at [ffffffffff200b30]
Mar  4 16:44:10 localhost kernel: Using GB pages for direct mapping
Mar  4 16:44:10 localhost kernel: RAMDISK: [mem 0x34827000-0x3640bfff]
Mar  4 16:44:10 localhost kernel: Early table checksum verification disabled
Mar  4 16:44:10 localhost kernel: ACPI: RSDP 00000000000f6ac0 00024 (v02 PTLTD )
Mar  4 16:44:10 localhost kernel: ACPI: XSDT 000000003feeb633 0005C (v01 INTEL  440BX    06040000 VMW  01324272)
Mar  4 16:44:10 localhost kernel: ACPI: FACP 000000003fefee73 000F4 (v04 INTEL  440BX    06040000 PTL  000F4240)
Mar  4 16:44:10 localhost kernel: ACPI: DSDT 000000003feecd6f 12104 (v01 PTLTD  Custom   06040000 MSFT 03000001)
Mar  4 16:44:10 localhost kernel: ACPI: FACS 000000003fefffc0 00040
Mar  4 16:44:10 localhost kernel: ACPI: BOOT 000000003feecd47 00028 (v01 PTLTD  $SBFTBL$ 06040000  LTP 00000001)
Mar  4 16:44:10 localhost kernel: ACPI: APIC 000000003feec605 00742 (v01 PTLTD  ? APIC   06040000  LTP 00000000)
Mar  4 16:44:10 localhost kernel: ACPI: MCFG 000000003feec5c9 0003C (v01 PTLTD  $PCITBL$ 06040000  LTP 00000001)
Mar  4 16:44:10 localhost kernel: ACPI: SRAT 000000003feeb72f 008D0 (v02 VMWARE MEMPLUG  06040000 VMW  00000001)
Mar  4 16:44:10 localhost kernel: ACPI: HPET 000000003feeb6f7 00038 (v01 VMWARE VMW HPET 06040000 VMW  00000001)
Mar  4 16:44:10 localhost kernel: ACPI: WAET 000000003feeb6cf 00028 (v01 VMWARE VMW WAET 06040000 VMW  00000001)
Mar  4 16:44:10 localhost kernel: Setting APIC routing to physical flat.
Mar  4 16:44:10 localhost kernel: SRAT: PXM 0 -> APIC 0x00 -> Node 0
Mar  4 16:44:10 localhost kernel: SRAT: PXM 0 -> APIC 0x02 -> Node 0
Mar  4 16:44:10 localhost kernel: SRAT: PXM 0 -> APIC 0x04 -> Node 0
Mar  4 16:44:10 localhost kernel: SRAT: PXM 0 -> APIC 0x06 -> Node 0
Mar  4 16:44:10 localhost kernel: SRAT: PXM 0 -> APIC 0x08 -> Node 0
Mar  4 16:44:10 localhost kernel: SRAT: PXM 0 -> APIC 0x0a -> Node 0
Mar  4 16:44:10 localhost kernel: SRAT: PXM 0 -> APIC 0x0c -> Node 0
Mar  4 16:44:10 localhost kernel: SRAT: PXM 0 -> APIC 0x0e -> Node 0
Mar  4 16:44:10 localhost kernel: SRAT: PXM 0 -> APIC 0x10 -> Node 0
Mar  4 16:44:10 localhost kernel: SRAT: PXM 0 -> APIC 0x12 -> Node 0
Mar  4 16:44:10 localhost kernel: SRAT: PXM 0 -> APIC 0x14 -> Node 0
Mar  4 16:44:10 localhost kernel: SRAT: PXM 0 -> APIC 0x16 -> Node 0
Mar  4 16:44:10 localhost kernel: SRAT: PXM 0 -> APIC 0x18 -> Node 0
Mar  4 16:44:10 localhost kernel: SRAT: PXM 0 -> APIC 0x1a -> Node 0
Mar  4 16:44:10 localhost kernel: SRAT: PXM 0 -> APIC 0x1c -> Node 0
Mar  4 16:44:10 localhost kernel: SRAT: PXM 0 -> APIC 0x1e -> Node 0
Mar  4 16:44:10 localhost kernel: SRAT: PXM 0 -> APIC 0x20 -> Node 0
Mar  4 16:44:10 localhost kernel: SRAT: PXM 0 -> APIC 0x22 -> Node 0
Mar  4 16:44:10 localhost kernel: SRAT: PXM 0 -> APIC 0x24 -> Node 0
Mar  4 16:44:10 localhost kernel: SRAT: PXM 0 -> APIC 0x26 -> Node 0
Mar  4 16:44:10 localhost kernel: SRAT: PXM 0 -> APIC 0x28 -> Node 0
Mar  4 16:44:10 localhost kernel: SRAT: PXM 0 -> APIC 0x2a -> Node 0
Mar  4 16:44:10 localhost kernel: SRAT: PXM 0 -> APIC 0x2c -> Node 0
Mar  4 16:44:10 localhost kernel: SRAT: PXM 0 -> APIC 0x2e -> Node 0
Mar  4 16:44:10 localhost kernel: SRAT: PXM 0 -> APIC 0x30 -> Node 0
Mar  4 16:44:10 localhost kernel: SRAT: PXM 0 -> APIC 0x32 -> Node 0
Mar  4 16:44:10 localhost kernel: SRAT: PXM 0 -> APIC 0x34 -> Node 0
Mar  4 16:44:10 localhost kernel: SRAT: PXM 0 -> APIC 0x36 -> Node 0
Mar  4 16:44:10 localhost kernel: SRAT: PXM 0 -> APIC 0x38 -> Node 0
Mar  4 16:44:10 localhost kernel: SRAT: PXM 0 -> APIC 0x3a -> Node 0
Mar  4 16:44:10 localhost kernel: SRAT: PXM 0 -> APIC 0x3c -> Node 0
Mar  4 16:44:10 localhost kernel: SRAT: PXM 0 -> APIC 0x3e -> Node 0
Mar  4 16:44:10 localhost kernel: SRAT: PXM 0 -> APIC 0x40 -> Node 0
Mar  4 16:44:10 localhost kernel: SRAT: PXM 0 -> APIC 0x42 -> Node 0
Mar  4 16:44:10 localhost kernel: SRAT: PXM 0 -> APIC 0x44 -> Node 0
Mar  4 16:44:10 localhost kernel: SRAT: PXM 0 -> APIC 0x46 -> Node 0
Mar  4 16:44:10 localhost kernel: SRAT: PXM 0 -> APIC 0x48 -> Node 0
Mar  4 16:44:10 localhost kernel: SRAT: PXM 0 -> APIC 0x4a -> Node 0
Mar  4 16:44:10 localhost kernel: SRAT: PXM 0 -> APIC 0x4c -> Node 0
Mar  4 16:44:10 localhost kernel: SRAT: PXM 0 -> APIC 0x4e -> Node 0
Mar  4 16:44:10 localhost kernel: SRAT: PXM 0 -> APIC 0x50 -> Node 0
Mar  4 16:44:10 localhost kernel: SRAT: PXM 0 -> APIC 0x52 -> Node 0
Mar  4 16:44:10 localhost kernel: SRAT: PXM 0 -> APIC 0x54 -> Node 0
Mar  4 16:44:10 localhost kernel: SRAT: PXM 0 -> APIC 0x56 -> Node 0
Mar  4 16:44:10 localhost kernel: SRAT: PXM 0 -> APIC 0x58 -> Node 0
Mar  4 16:44:10 localhost kernel: SRAT: PXM 0 -> APIC 0x5a -> Node 0
Mar  4 16:44:10 localhost kernel: SRAT: PXM 0 -> APIC 0x5c -> Node 0
Mar  4 16:44:10 localhost kernel: SRAT: PXM 0 -> APIC 0x5e -> Node 0
Mar  4 16:44:10 localhost kernel: SRAT: PXM 0 -> APIC 0x60 -> Node 0
Mar  4 16:44:10 localhost kernel: SRAT: PXM 0 -> APIC 0x62 -> Node 0
Mar  4 16:44:10 localhost kernel: SRAT: PXM 0 -> APIC 0x64 -> Node 0
Mar  4 16:44:10 localhost kernel: SRAT: PXM 0 -> APIC 0x66 -> Node 0
Mar  4 16:44:10 localhost kernel: SRAT: PXM 0 -> APIC 0x68 -> Node 0
Mar  4 16:44:10 localhost kernel: SRAT: PXM 0 -> APIC 0x6a -> Node 0
Mar  4 16:44:10 localhost kernel: SRAT: PXM 0 -> APIC 0x6c -> Node 0
Mar  4 16:44:10 localhost kernel: SRAT: PXM 0 -> APIC 0x6e -> Node 0
Mar  4 16:44:10 localhost kernel: SRAT: PXM 0 -> APIC 0x70 -> Node 0
Mar  4 16:44:10 localhost kernel: SRAT: PXM 0 -> APIC 0x72 -> Node 0
Mar  4 16:44:10 localhost kernel: SRAT: PXM 0 -> APIC 0x74 -> Node 0
Mar  4 16:44:10 localhost kernel: SRAT: PXM 0 -> APIC 0x76 -> Node 0
Mar  4 16:44:10 localhost kernel: SRAT: PXM 0 -> APIC 0x78 -> Node 0
Mar  4 16:44:10 localhost kernel: SRAT: PXM 0 -> APIC 0x7a -> Node 0
Mar  4 16:44:10 localhost kernel: SRAT: PXM 0 -> APIC 0x7c -> Node 0
Mar  4 16:44:10 localhost kernel: SRAT: PXM 0 -> APIC 0x7e -> Node 0
Mar  4 16:44:10 localhost kernel: SRAT: PXM 0 -> APIC 0x80 -> Node 0
Mar  4 16:44:10 localhost kernel: SRAT: PXM 0 -> APIC 0x82 -> Node 0
Mar  4 16:44:10 localhost kernel: SRAT: PXM 0 -> APIC 0x84 -> Node 0
Mar  4 16:44:10 localhost kernel: SRAT: PXM 0 -> APIC 0x86 -> Node 0
Mar  4 16:44:10 localhost kernel: SRAT: PXM 0 -> APIC 0x88 -> Node 0
Mar  4 16:44:10 localhost kernel: SRAT: PXM 0 -> APIC 0x8a -> Node 0
Mar  4 16:44:10 localhost kernel: SRAT: PXM 0 -> APIC 0x8c -> Node 0
Mar  4 16:44:10 localhost kernel: SRAT: PXM 0 -> APIC 0x8e -> Node 0
Mar  4 16:44:10 localhost kernel: SRAT: PXM 0 -> APIC 0x90 -> Node 0
Mar  4 16:44:10 localhost kernel: SRAT: PXM 0 -> APIC 0x92 -> Node 0
Mar  4 16:44:10 localhost kernel: SRAT: PXM 0 -> APIC 0x94 -> Node 0
Mar  4 16:44:10 localhost kernel: SRAT: PXM 0 -> APIC 0x96 -> Node 0
Mar  4 16:44:10 localhost kernel: SRAT: PXM 0 -> APIC 0x98 -> Node 0
Mar  4 16:44:10 localhost kernel: SRAT: PXM 0 -> APIC 0x9a -> Node 0
Mar  4 16:44:10 localhost kernel: SRAT: PXM 0 -> APIC 0x9c -> Node 0
Mar  4 16:44:10 localhost kernel: SRAT: PXM 0 -> APIC 0x9e -> Node 0
Mar  4 16:44:10 localhost kernel: SRAT: PXM 0 -> APIC 0xa0 -> Node 0
Mar  4 16:44:10 localhost kernel: SRAT: PXM 0 -> APIC 0xa2 -> Node 0
Mar  4 16:44:10 localhost kernel: SRAT: PXM 0 -> APIC 0xa4 -> Node 0
Mar  4 16:44:10 localhost kernel: SRAT: PXM 0 -> APIC 0xa6 -> Node 0
Mar  4 16:44:10 localhost kernel: SRAT: PXM 0 -> APIC 0xa8 -> Node 0
Mar  4 16:44:10 localhost kernel: SRAT: PXM 0 -> APIC 0xaa -> Node 0
Mar  4 16:44:10 localhost kernel: SRAT: PXM 0 -> APIC 0xac -> Node 0
Mar  4 16:44:10 localhost kernel: SRAT: PXM 0 -> APIC 0xae -> Node 0
Mar  4 16:44:10 localhost kernel: SRAT: PXM 0 -> APIC 0xb0 -> Node 0
Mar  4 16:44:10 localhost kernel: SRAT: PXM 0 -> APIC 0xb2 -> Node 0
Mar  4 16:44:10 localhost kernel: SRAT: PXM 0 -> APIC 0xb4 -> Node 0
Mar  4 16:44:10 localhost kernel: SRAT: PXM 0 -> APIC 0xb6 -> Node 0
Mar  4 16:44:10 localhost kernel: SRAT: PXM 0 -> APIC 0xb8 -> Node 0
Mar  4 16:44:10 localhost kernel: SRAT: PXM 0 -> APIC 0xba -> Node 0
Mar  4 16:44:10 localhost kernel: SRAT: PXM 0 -> APIC 0xbc -> Node 0
Mar  4 16:44:10 localhost kernel: SRAT: PXM 0 -> APIC 0xbe -> Node 0
Mar  4 16:44:10 localhost kernel: SRAT: PXM 0 -> APIC 0xc0 -> Node 0
Mar  4 16:44:10 localhost kernel: SRAT: PXM 0 -> APIC 0xc2 -> Node 0
Mar  4 16:44:10 localhost kernel: SRAT: PXM 0 -> APIC 0xc4 -> Node 0
Mar  4 16:44:10 localhost kernel: SRAT: PXM 0 -> APIC 0xc6 -> Node 0
Mar  4 16:44:10 localhost kernel: SRAT: PXM 0 -> APIC 0xc8 -> Node 0
Mar  4 16:44:10 localhost kernel: SRAT: PXM 0 -> APIC 0xca -> Node 0
Mar  4 16:44:10 localhost kernel: SRAT: PXM 0 -> APIC 0xcc -> Node 0
Mar  4 16:44:10 localhost kernel: SRAT: PXM 0 -> APIC 0xce -> Node 0
Mar  4 16:44:10 localhost kernel: SRAT: PXM 0 -> APIC 0xd0 -> Node 0
Mar  4 16:44:10 localhost kernel: SRAT: PXM 0 -> APIC 0xd2 -> Node 0
Mar  4 16:44:10 localhost kernel: SRAT: PXM 0 -> APIC 0xd4 -> Node 0
Mar  4 16:44:10 localhost kernel: SRAT: PXM 0 -> APIC 0xd6 -> Node 0
Mar  4 16:44:10 localhost kernel: SRAT: PXM 0 -> APIC 0xd8 -> Node 0
Mar  4 16:44:10 localhost kernel: SRAT: PXM 0 -> APIC 0xda -> Node 0
Mar  4 16:44:10 localhost kernel: SRAT: PXM 0 -> APIC 0xdc -> Node 0
Mar  4 16:44:10 localhost kernel: SRAT: PXM 0 -> APIC 0xde -> Node 0
Mar  4 16:44:10 localhost kernel: SRAT: PXM 0 -> APIC 0xe0 -> Node 0
Mar  4 16:44:10 localhost kernel: SRAT: PXM 0 -> APIC 0xe2 -> Node 0
Mar  4 16:44:10 localhost kernel: SRAT: PXM 0 -> APIC 0xe4 -> Node 0
Mar  4 16:44:10 localhost kernel: SRAT: PXM 0 -> APIC 0xe6 -> Node 0
Mar  4 16:44:10 localhost kernel: SRAT: PXM 0 -> APIC 0xe8 -> Node 0
Mar  4 16:44:10 localhost kernel: SRAT: PXM 0 -> APIC 0xea -> Node 0
Mar  4 16:44:10 localhost kernel: SRAT: PXM 0 -> APIC 0xec -> Node 0
Mar  4 16:44:10 localhost kernel: SRAT: PXM 0 -> APIC 0xee -> Node 0
Mar  4 16:44:10 localhost kernel: SRAT: PXM 0 -> APIC 0xf0 -> Node 0
Mar  4 16:44:10 localhost kernel: SRAT: PXM 0 -> APIC 0xf2 -> Node 0
Mar  4 16:44:10 localhost kernel: SRAT: PXM 0 -> APIC 0xf4 -> Node 0
Mar  4 16:44:10 localhost kernel: SRAT: PXM 0 -> APIC 0xf6 -> Node 0
Mar  4 16:44:10 localhost kernel: SRAT: PXM 0 -> APIC 0xf8 -> Node 0
Mar  4 16:44:10 localhost kernel: SRAT: PXM 0 -> APIC 0xfa -> Node 0
Mar  4 16:44:10 localhost kernel: SRAT: PXM 0 -> APIC 0xfc -> Node 0
Mar  4 16:44:10 localhost kernel: SRAT: PXM 0 -> APIC 0xfe -> Node 0
Mar  4 16:44:10 localhost kernel: SRAT: Node 0 PXM 0 [mem 0x00000000-0x0009ffff]
Mar  4 16:44:10 localhost kernel: SRAT: Node 0 PXM 0 [mem 0x00100000-0x0fffffff]
Mar  4 16:44:10 localhost kernel: SRAT: Node 0 PXM 0 [mem 0x10000000-0x3fffffff]
Mar  4 16:44:10 localhost kernel: SRAT: Node 0 PXM 0 [mem 0x40000000-0xbfffffff] hotplug
Mar  4 16:44:10 localhost kernel: NUMA: Node 0 [mem 0x00000000-0x0009ffff] + [mem 0x00100000-0x0fffffff] -> [mem 0x00000000-0x0fffffff]
Mar  4 16:44:10 localhost kernel: NUMA: Node 0 [mem 0x00000000-0x0fffffff] + [mem 0x10000000-0x3fffffff] -> [mem 0x00000000-0x3fffffff]
Mar  4 16:44:10 localhost kernel: NODE_DATA(0) allocated [mem 0x3ffd9000-0x3fffffff]
Mar  4 16:44:10 localhost kernel: crashkernel=auto resulted in zero bytes of reserved memory.
Mar  4 16:44:10 localhost kernel: Zone ranges:
Mar  4 16:44:10 localhost kernel:  DMA      [mem 0x00001000-0x00ffffff]
Mar  4 16:44:10 localhost kernel:  DMA32    [mem 0x01000000-0xffffffff]
Mar  4 16:44:10 localhost kernel:  Normal   empty
Mar  4 16:44:10 localhost kernel: Movable zone start for each node
Mar  4 16:44:10 localhost kernel: Early memory node ranges
Mar  4 16:44:10 localhost kernel:  node   0: [mem 0x00001000-0x0009dfff]
Mar  4 16:44:10 localhost kernel:  node   0: [mem 0x00100000-0x3fedffff]
Mar  4 16:44:10 localhost kernel:  node   0: [mem 0x3ff00000-0x3fffffff]
Mar  4 16:44:10 localhost kernel: Initmem setup node 0 [mem 0x00001000-0x3fffffff]
Mar  4 16:44:10 localhost kernel: ACPI: PM-Timer IO Port: 0x1008
Mar  4 16:44:10 localhost kernel: ACPI: LAPIC (acpi_id[0x00] lapic_id[0x00] enabled)
Mar  4 16:44:10 localhost kernel: ACPI: LAPIC (acpi_id[0x01] lapic_id[0x02] disabled)
Mar  4 16:44:10 localhost kernel: ACPI: LAPIC (acpi_id[0x02] lapic_id[0x04] disabled)
Mar  4 16:44:10 localhost kernel: ACPI: LAPIC (acpi_id[0x03] lapic_id[0x06] disabled)
Mar  4 16:44:10 localhost kernel: ACPI: LAPIC (acpi_id[0x04] lapic_id[0x08] disabled)
Mar  4 16:44:10 localhost kernel: ACPI: LAPIC (acpi_id[0x05] lapic_id[0x0a] disabled)
Mar  4 16:44:10 localhost kernel: ACPI: LAPIC (acpi_id[0x06] lapic_id[0x0c] disabled)
Mar  4 16:44:10 localhost kernel: ACPI: LAPIC (acpi_id[0x07] lapic_id[0x0e] disabled)
Mar  4 16:44:10 localhost kernel: ACPI: LAPIC (acpi_id[0x08] lapic_id[0x10] disabled)
Mar  4 16:44:10 localhost kernel: ACPI: LAPIC (acpi_id[0x09] lapic_id[0x12] disabled)
Mar  4 16:44:10 localhost kernel: ACPI: LAPIC (acpi_id[0x0a] lapic_id[0x14] disabled)
Mar  4 16:44:10 localhost kernel: ACPI: LAPIC (acpi_id[0x0b] lapic_id[0x16] disabled)
Mar  4 16:44:10 localhost kernel: ACPI: LAPIC (acpi_id[0x0c] lapic_id[0x18] disabled)
Mar  4 16:44:10 localhost kernel: ACPI: LAPIC (acpi_id[0x0d] lapic_id[0x1a] disabled)
Mar  4 16:44:10 localhost kernel: ACPI: LAPIC (acpi_id[0x0e] lapic_id[0x1c] disabled)
Mar  4 16:44:10 localhost kernel: ACPI: LAPIC (acpi_id[0x0f] lapic_id[0x1e] disabled)
Mar  4 16:44:10 localhost kernel: ACPI: LAPIC (acpi_id[0x10] lapic_id[0x20] disabled)
Mar  4 16:44:10 localhost kernel: ACPI: LAPIC (acpi_id[0x11] lapic_id[0x22] disabled)
Mar  4 16:44:10 localhost kernel: ACPI: LAPIC (acpi_id[0x12] lapic_id[0x24] disabled)
Mar  4 16:44:10 localhost kernel: ACPI: LAPIC (acpi_id[0x13] lapic_id[0x26] disabled)
Mar  4 16:44:10 localhost kernel: ACPI: LAPIC (acpi_id[0x14] lapic_id[0x28] disabled)
Mar  4 16:44:10 localhost kernel: ACPI: LAPIC (acpi_id[0x15] lapic_id[0x2a] disabled)
Mar  4 16:44:10 localhost kernel: ACPI: LAPIC (acpi_id[0x16] lapic_id[0x2c] disabled)
Mar  4 16:44:10 localhost kernel: ACPI: LAPIC (acpi_id[0x17] lapic_id[0x2e] disabled)
Mar  4 16:44:10 localhost kernel: ACPI: LAPIC (acpi_id[0x18] lapic_id[0x30] disabled)
Mar  4 16:44:10 localhost kernel: ACPI: LAPIC (acpi_id[0x19] lapic_id[0x32] disabled)
Mar  4 16:44:10 localhost kernel: ACPI: LAPIC (acpi_id[0x1a] lapic_id[0x34] disabled)
Mar  4 16:44:10 localhost kernel: ACPI: LAPIC (acpi_id[0x1b] lapic_id[0x36] disabled)
Mar  4 16:44:10 localhost kernel: ACPI: LAPIC (acpi_id[0x1c] lapic_id[0x38] disabled)
Mar  4 16:44:10 localhost kernel: ACPI: LAPIC (acpi_id[0x1d] lapic_id[0x3a] disabled)
Mar  4 16:44:10 localhost kernel: ACPI: LAPIC (acpi_id[0x1e] lapic_id[0x3c] disabled)
Mar  4 16:44:10 localhost kernel: ACPI: LAPIC (acpi_id[0x1f] lapic_id[0x3e] disabled)
Mar  4 16:44:10 localhost kernel: ACPI: LAPIC (acpi_id[0x20] lapic_id[0x40] disabled)
Mar  4 16:44:10 localhost kernel: ACPI: LAPIC (acpi_id[0x21] lapic_id[0x42] disabled)
Mar  4 16:44:10 localhost kernel: ACPI: LAPIC (acpi_id[0x22] lapic_id[0x44] disabled)
Mar  4 16:44:10 localhost kernel: ACPI: LAPIC (acpi_id[0x23] lapic_id[0x46] disabled)
Mar  4 16:44:10 localhost kernel: ACPI: LAPIC (acpi_id[0x24] lapic_id[0x48] disabled)
Mar  4 16:44:10 localhost kernel: ACPI: LAPIC (acpi_id[0x25] lapic_id[0x4a] disabled)
Mar  4 16:44:10 localhost kernel: ACPI: LAPIC (acpi_id[0x26] lapic_id[0x4c] disabled)
Mar  4 16:44:10 localhost kernel: ACPI: LAPIC (acpi_id[0x27] lapic_id[0x4e] disabled)
Mar  4 16:44:10 localhost kernel: ACPI: LAPIC (acpi_id[0x28] lapic_id[0x50] disabled)
Mar  4 16:44:10 localhost kernel: ACPI: LAPIC (acpi_id[0x29] lapic_id[0x52] disabled)
Mar  4 16:44:10 localhost kernel: ACPI: LAPIC (acpi_id[0x2a] lapic_id[0x54] disabled)
Mar  4 16:44:10 localhost kernel: ACPI: LAPIC (acpi_id[0x2b] lapic_id[0x56] disabled)
Mar  4 16:44:10 localhost kernel: ACPI: LAPIC (acpi_id[0x2c] lapic_id[0x58] disabled)
Mar  4 16:44:10 localhost kernel: ACPI: LAPIC (acpi_id[0x2d] lapic_id[0x5a] disabled)
Mar  4 16:44:10 localhost kernel: ACPI: LAPIC (acpi_id[0x2e] lapic_id[0x5c] disabled)
Mar  4 16:44:10 localhost kernel: ACPI: LAPIC (acpi_id[0x2f] lapic_id[0x5e] disabled)
Mar  4 16:44:10 localhost kernel: ACPI: LAPIC (acpi_id[0x30] lapic_id[0x60] disabled)
Mar  4 16:44:10 localhost kernel: ACPI: LAPIC (acpi_id[0x31] lapic_id[0x62] disabled)
Mar  4 16:44:10 localhost kernel: ACPI: LAPIC (acpi_id[0x32] lapic_id[0x64] disabled)
Mar  4 16:44:10 localhost kernel: ACPI: LAPIC (acpi_id[0x33] lapic_id[0x66] disabled)
Mar  4 16:44:10 localhost kernel: ACPI: LAPIC (acpi_id[0x34] lapic_id[0x68] disabled)
Mar  4 16:44:10 localhost kernel: ACPI: LAPIC (acpi_id[0x35] lapic_id[0x6a] disabled)
Mar  4 16:44:10 localhost kernel: ACPI: LAPIC (acpi_id[0x36] lapic_id[0x6c] disabled)
Mar  4 16:44:10 localhost kernel: ACPI: LAPIC (acpi_id[0x37] lapic_id[0x6e] disabled)
Mar  4 16:44:10 localhost kernel: ACPI: LAPIC (acpi_id[0x38] lapic_id[0x70] disabled)
Mar  4 16:44:10 localhost kernel: ACPI: LAPIC (acpi_id[0x39] lapic_id[0x72] disabled)
Mar  4 16:44:10 localhost kernel: ACPI: LAPIC (acpi_id[0x3a] lapic_id[0x74] disabled)
Mar  4 16:44:10 localhost kernel: ACPI: LAPIC (acpi_id[0x3b] lapic_id[0x76] disabled)
Mar  4 16:44:10 localhost kernel: ACPI: LAPIC (acpi_id[0x3c] lapic_id[0x78] disabled)
Mar  4 16:44:10 localhost kernel: ACPI: LAPIC (acpi_id[0x3d] lapic_id[0x7a] disabled)
Mar  4 16:44:10 localhost kernel: ACPI: LAPIC (acpi_id[0x3e] lapic_id[0x7c] disabled)
Mar  4 16:44:10 localhost kernel: ACPI: LAPIC (acpi_id[0x3f] lapic_id[0x7e] disabled)
Mar  4 16:44:10 localhost kernel: ACPI: LAPIC (acpi_id[0x40] lapic_id[0x80] disabled)
Mar  4 16:44:10 localhost kernel: ACPI: LAPIC (acpi_id[0x41] lapic_id[0x82] disabled)
Mar  4 16:44:10 localhost kernel: ACPI: LAPIC (acpi_id[0x42] lapic_id[0x84] disabled)
Mar  4 16:44:10 localhost kernel: ACPI: LAPIC (acpi_id[0x43] lapic_id[0x86] disabled)
Mar  4 16:44:10 localhost kernel: ACPI: LAPIC (acpi_id[0x44] lapic_id[0x88] disabled)
Mar  4 16:44:10 localhost kernel: ACPI: LAPIC (acpi_id[0x45] lapic_id[0x8a] disabled)
Mar  4 16:44:10 localhost kernel: ACPI: LAPIC (acpi_id[0x46] lapic_id[0x8c] disabled)
Mar  4 16:44:10 localhost kernel: ACPI: LAPIC (acpi_id[0x47] lapic_id[0x8e] disabled)
Mar  4 16:44:10 localhost kernel: ACPI: LAPIC (acpi_id[0x48] lapic_id[0x90] disabled)
Mar  4 16:44:10 localhost kernel: ACPI: LAPIC (acpi_id[0x49] lapic_id[0x92] disabled)
Mar  4 16:44:10 localhost kernel: ACPI: LAPIC (acpi_id[0x4a] lapic_id[0x94] disabled)
Mar  4 16:44:10 localhost kernel: ACPI: LAPIC (acpi_id[0x4b] lapic_id[0x96] disabled)
Mar  4 16:44:10 localhost kernel: ACPI: LAPIC (acpi_id[0x4c] lapic_id[0x98] disabled)
Mar  4 16:44:10 localhost kernel: ACPI: LAPIC (acpi_id[0x4d] lapic_id[0x9a] disabled)
Mar  4 16:44:10 localhost kernel: ACPI: LAPIC (acpi_id[0x4e] lapic_id[0x9c] disabled)
Mar  4 16:44:10 localhost kernel: ACPI: LAPIC (acpi_id[0x4f] lapic_id[0x9e] disabled)
Mar  4 16:44:10 localhost kernel: ACPI: LAPIC (acpi_id[0x50] lapic_id[0xa0] disabled)
Mar  4 16:44:10 localhost kernel: ACPI: LAPIC (acpi_id[0x51] lapic_id[0xa2] disabled)
Mar  4 16:44:10 localhost kernel: ACPI: LAPIC (acpi_id[0x52] lapic_id[0xa4] disabled)
Mar  4 16:44:10 localhost kernel: ACPI: LAPIC (acpi_id[0x53] lapic_id[0xa6] disabled)
Mar  4 16:44:10 localhost kernel: ACPI: LAPIC (acpi_id[0x54] lapic_id[0xa8] disabled)
Mar  4 16:44:10 localhost kernel: ACPI: LAPIC (acpi_id[0x55] lapic_id[0xaa] disabled)
Mar  4 16:44:10 localhost kernel: ACPI: LAPIC (acpi_id[0x56] lapic_id[0xac] disabled)
Mar  4 16:44:10 localhost kernel: ACPI: LAPIC (acpi_id[0x57] lapic_id[0xae] disabled)
Mar  4 16:44:10 localhost kernel: ACPI: LAPIC (acpi_id[0x58] lapic_id[0xb0] disabled)
Mar  4 16:44:10 localhost kernel: ACPI: LAPIC (acpi_id[0x59] lapic_id[0xb2] disabled)
Mar  4 16:44:10 localhost kernel: ACPI: LAPIC (acpi_id[0x5a] lapic_id[0xb4] disabled)
Mar  4 16:44:10 localhost kernel: ACPI: LAPIC (acpi_id[0x5b] lapic_id[0xb6] disabled)
Mar  4 16:44:10 localhost kernel: ACPI: LAPIC (acpi_id[0x5c] lapic_id[0xb8] disabled)
Mar  4 16:44:10 localhost kernel: ACPI: LAPIC (acpi_id[0x5d] lapic_id[0xba] disabled)
Mar  4 16:44:10 localhost kernel: ACPI: LAPIC (acpi_id[0x5e] lapic_id[0xbc] disabled)
Mar  4 16:44:10 localhost kernel: ACPI: LAPIC (acpi_id[0x5f] lapic_id[0xbe] disabled)
Mar  4 16:44:10 localhost kernel: ACPI: LAPIC (acpi_id[0x60] lapic_id[0xc0] disabled)
Mar  4 16:44:10 localhost kernel: ACPI: LAPIC (acpi_id[0x61] lapic_id[0xc2] disabled)
Mar  4 16:44:10 localhost kernel: ACPI: LAPIC (acpi_id[0x62] lapic_id[0xc4] disabled)
Mar  4 16:44:10 localhost kernel: ACPI: LAPIC (acpi_id[0x63] lapic_id[0xc6] disabled)
Mar  4 16:44:10 localhost kernel: ACPI: LAPIC (acpi_id[0x64] lapic_id[0xc8] disabled)
Mar  4 16:44:10 localhost kernel: ACPI: LAPIC (acpi_id[0x65] lapic_id[0xca] disabled)
Mar  4 16:44:10 localhost kernel: ACPI: LAPIC (acpi_id[0x66] lapic_id[0xcc] disabled)
Mar  4 16:44:10 localhost kernel: ACPI: LAPIC (acpi_id[0x67] lapic_id[0xce] disabled)
Mar  4 16:44:10 localhost kernel: ACPI: LAPIC (acpi_id[0x68] lapic_id[0xd0] disabled)
Mar  4 16:44:10 localhost kernel: ACPI: LAPIC (acpi_id[0x69] lapic_id[0xd2] disabled)
Mar  4 16:44:10 localhost kernel: ACPI: LAPIC (acpi_id[0x6a] lapic_id[0xd4] disabled)
Mar  4 16:44:10 localhost kernel: ACPI: LAPIC (acpi_id[0x6b] lapic_id[0xd6] disabled)
Mar  4 16:44:10 localhost kernel: ACPI: LAPIC (acpi_id[0x6c] lapic_id[0xd8] disabled)
Mar  4 16:44:10 localhost kernel: ACPI: LAPIC (acpi_id[0x6d] lapic_id[0xda] disabled)
Mar  4 16:44:10 localhost kernel: ACPI: LAPIC (acpi_id[0x6e] lapic_id[0xdc] disabled)
Mar  4 16:44:10 localhost kernel: ACPI: LAPIC (acpi_id[0x6f] lapic_id[0xde] disabled)
Mar  4 16:44:10 localhost kernel: ACPI: LAPIC (acpi_id[0x70] lapic_id[0xe0] disabled)
Mar  4 16:44:10 localhost kernel: ACPI: LAPIC (acpi_id[0x71] lapic_id[0xe2] disabled)
Mar  4 16:44:10 localhost kernel: ACPI: LAPIC (acpi_id[0x72] lapic_id[0xe4] disabled)
Mar  4 16:44:10 localhost kernel: ACPI: LAPIC (acpi_id[0x73] lapic_id[0xe6] disabled)
Mar  4 16:44:10 localhost kernel: ACPI: LAPIC (acpi_id[0x74] lapic_id[0xe8] disabled)
Mar  4 16:44:10 localhost kernel: ACPI: LAPIC (acpi_id[0x75] lapic_id[0xea] disabled)
Mar  4 16:44:10 localhost kernel: ACPI: LAPIC (acpi_id[0x76] lapic_id[0xec] disabled)
Mar  4 16:44:10 localhost kernel: ACPI: LAPIC (acpi_id[0x77] lapic_id[0xee] disabled)
Mar  4 16:44:10 localhost kernel: ACPI: LAPIC (acpi_id[0x78] lapic_id[0xf0] disabled)
Mar  4 16:44:10 localhost kernel: ACPI: LAPIC (acpi_id[0x79] lapic_id[0xf2] disabled)
Mar  4 16:44:10 localhost kernel: ACPI: LAPIC (acpi_id[0x7a] lapic_id[0xf4] disabled)
Mar  4 16:44:10 localhost kernel: ACPI: LAPIC (acpi_id[0x7b] lapic_id[0xf6] disabled)
Mar  4 16:44:10 localhost kernel: ACPI: LAPIC (acpi_id[0x7c] lapic_id[0xf8] disabled)
Mar  4 16:44:10 localhost kernel: ACPI: LAPIC (acpi_id[0x7d] lapic_id[0xfa] disabled)
Mar  4 16:44:10 localhost kernel: ACPI: LAPIC (acpi_id[0x7e] lapic_id[0xfc] disabled)
Mar  4 16:44:10 localhost kernel: ACPI: LAPIC (acpi_id[0x7f] lapic_id[0xfe] disabled)
Mar  4 16:44:10 localhost kernel: ACPI: LAPIC_NMI (acpi_id[0x00] high edge lint[0x1])
Mar  4 16:44:10 localhost kernel: ACPI: LAPIC_NMI (acpi_id[0x01] high edge lint[0x1])
Mar  4 16:44:10 localhost kernel: ACPI: LAPIC_NMI (acpi_id[0x02] high edge lint[0x1])
Mar  4 16:44:10 localhost kernel: ACPI: LAPIC_NMI (acpi_id[0x03] high edge lint[0x1])
Mar  4 16:44:10 localhost kernel: ACPI: LAPIC_NMI (acpi_id[0x04] high edge lint[0x1])
Mar  4 16:44:10 localhost kernel: ACPI: LAPIC_NMI (acpi_id[0x05] high edge lint[0x1])
Mar  4 16:44:10 localhost kernel: ACPI: LAPIC_NMI (acpi_id[0x06] high edge lint[0x1])
Mar  4 16:44:10 localhost kernel: ACPI: LAPIC_NMI (acpi_id[0x07] high edge lint[0x1])
Mar  4 16:44:10 localhost kernel: ACPI: LAPIC_NMI (acpi_id[0x08] high edge lint[0x1])
Mar  4 16:44:10 localhost kernel: ACPI: LAPIC_NMI (acpi_id[0x09] high edge lint[0x1])
Mar  4 16:44:10 localhost kernel: ACPI: LAPIC_NMI (acpi_id[0x0a] high edge lint[0x1])
Mar  4 16:44:10 localhost kernel: ACPI: LAPIC_NMI (acpi_id[0x0b] high edge lint[0x1])
Mar  4 16:44:10 localhost kernel: ACPI: LAPIC_NMI (acpi_id[0x0c] high edge lint[0x1])
Mar  4 16:44:10 localhost kernel: ACPI: LAPIC_NMI (acpi_id[0x0d] high edge lint[0x1])
Mar  4 16:44:10 localhost kernel: ACPI: LAPIC_NMI (acpi_id[0x0e] high edge lint[0x1])
Mar  4 16:44:10 localhost kernel: ACPI: LAPIC_NMI (acpi_id[0x0f] high edge lint[0x1])
Mar  4 16:44:10 localhost kernel: ACPI: LAPIC_NMI (acpi_id[0x10] high edge lint[0x1])
Mar  4 16:44:10 localhost kernel: ACPI: LAPIC_NMI (acpi_id[0x11] high edge lint[0x1])
Mar  4 16:44:10 localhost kernel: ACPI: LAPIC_NMI (acpi_id[0x12] high edge lint[0x1])
Mar  4 16:44:10 localhost kernel: ACPI: LAPIC_NMI (acpi_id[0x13] high edge lint[0x1])
Mar  4 16:44:10 localhost kernel: ACPI: LAPIC_NMI (acpi_id[0x14] high edge lint[0x1])
Mar  4 16:44:10 localhost kernel: ACPI: LAPIC_NMI (acpi_id[0x15] high edge lint[0x1])
Mar  4 16:44:10 localhost kernel: ACPI: LAPIC_NMI (acpi_id[0x16] high edge lint[0x1])
Mar  4 16:44:10 localhost kernel: ACPI: LAPIC_NMI (acpi_id[0x17] high edge lint[0x1])
Mar  4 16:44:10 localhost kernel: ACPI: LAPIC_NMI (acpi_id[0x18] high edge lint[0x1])
Mar  4 16:44:10 localhost kernel: ACPI: LAPIC_NMI (acpi_id[0x19] high edge lint[0x1])
Mar  4 16:44:10 localhost kernel: ACPI: LAPIC_NMI (acpi_id[0x1a] high edge lint[0x1])
Mar  4 16:44:10 localhost kernel: ACPI: LAPIC_NMI (acpi_id[0x1b] high edge lint[0x1])
Mar  4 16:44:10 localhost kernel: ACPI: LAPIC_NMI (acpi_id[0x1c] high edge lint[0x1])
Mar  4 16:44:10 localhost kernel: ACPI: LAPIC_NMI (acpi_id[0x1d] high edge lint[0x1])
Mar  4 16:44:10 localhost kernel: ACPI: LAPIC_NMI (acpi_id[0x1e] high edge lint[0x1])
Mar  4 16:44:10 localhost kernel: ACPI: LAPIC_NMI (acpi_id[0x1f] high edge lint[0x1])
Mar  4 16:44:10 localhost kernel: ACPI: LAPIC_NMI (acpi_id[0x20] high edge lint[0x1])
Mar  4 16:44:10 localhost kernel: ACPI: LAPIC_NMI (acpi_id[0x21] high edge lint[0x1])
Mar  4 16:44:10 localhost kernel: ACPI: LAPIC_NMI (acpi_id[0x22] high edge lint[0x1])
Mar  4 16:44:10 localhost kernel: ACPI: LAPIC_NMI (acpi_id[0x23] high edge lint[0x1])
Mar  4 16:44:10 localhost kernel: ACPI: LAPIC_NMI (acpi_id[0x24] high edge lint[0x1])
Mar  4 16:44:10 localhost kernel: ACPI: LAPIC_NMI (acpi_id[0x25] high edge lint[0x1])
Mar  4 16:44:10 localhost kernel: ACPI: LAPIC_NMI (acpi_id[0x26] high edge lint[0x1])
Mar  4 16:44:10 localhost kernel: ACPI: LAPIC_NMI (acpi_id[0x27] high edge lint[0x1])
Mar  4 16:44:10 localhost kernel: ACPI: LAPIC_NMI (acpi_id[0x28] high edge lint[0x1])
Mar  4 16:44:10 localhost kernel: ACPI: LAPIC_NMI (acpi_id[0x29] high edge lint[0x1])
Mar  4 16:44:10 localhost kernel: ACPI: LAPIC_NMI (acpi_id[0x2a] high edge lint[0x1])
Mar  4 16:44:10 localhost kernel: ACPI: LAPIC_NMI (acpi_id[0x2b] high edge lint[0x1])
Mar  4 16:44:10 localhost kernel: ACPI: LAPIC_NMI (acpi_id[0x2c] high edge lint[0x1])
Mar  4 16:44:10 localhost kernel: ACPI: LAPIC_NMI (acpi_id[0x2d] high edge lint[0x1])
Mar  4 16:44:10 localhost kernel: ACPI: LAPIC_NMI (acpi_id[0x2e] high edge lint[0x1])
Mar  4 16:44:10 localhost kernel: ACPI: LAPIC_NMI (acpi_id[0x2f] high edge lint[0x1])
Mar  4 16:44:10 localhost kernel: ACPI: LAPIC_NMI (acpi_id[0x30] high edge lint[0x1])
Mar  4 16:44:10 localhost kernel: ACPI: LAPIC_NMI (acpi_id[0x31] high edge lint[0x1])
Mar  4 16:44:10 localhost kernel: ACPI: LAPIC_NMI (acpi_id[0x32] high edge lint[0x1])
Mar  4 16:44:10 localhost kernel: ACPI: LAPIC_NMI (acpi_id[0x33] high edge lint[0x1])
Mar  4 16:44:10 localhost kernel: ACPI: LAPIC_NMI (acpi_id[0x34] high edge lint[0x1])
Mar  4 16:44:10 localhost kernel: ACPI: LAPIC_NMI (acpi_id[0x35] high edge lint[0x1])
Mar  4 16:44:10 localhost kernel: ACPI: LAPIC_NMI (acpi_id[0x36] high edge lint[0x1])
Mar  4 16:44:10 localhost kernel: ACPI: LAPIC_NMI (acpi_id[0x37] high edge lint[0x1])
Mar  4 16:44:10 localhost kernel: ACPI: LAPIC_NMI (acpi_id[0x38] high edge lint[0x1])
Mar  4 16:44:10 localhost kernel: ACPI: LAPIC_NMI (acpi_id[0x39] high edge lint[0x1])
Mar  4 16:44:10 localhost kernel: ACPI: LAPIC_NMI (acpi_id[0x3a] high edge lint[0x1])
Mar  4 16:44:10 localhost kernel: ACPI: LAPIC_NMI (acpi_id[0x3b] high edge lint[0x1])
Mar  4 16:44:10 localhost kernel: ACPI: LAPIC_NMI (acpi_id[0x3c] high edge lint[0x1])
Mar  4 16:44:10 localhost kernel: ACPI: LAPIC_NMI (acpi_id[0x3d] high edge lint[0x1])
Mar  4 16:44:10 localhost kernel: ACPI: LAPIC_NMI (acpi_id[0x3e] high edge lint[0x1])
Mar  4 16:44:10 localhost kernel: ACPI: LAPIC_NMI (acpi_id[0x3f] high edge lint[0x1])
Mar  4 16:44:10 localhost kernel: ACPI: LAPIC_NMI (acpi_id[0x40] high edge lint[0x1])
Mar  4 16:44:10 localhost kernel: ACPI: LAPIC_NMI (acpi_id[0x41] high edge lint[0x1])
Mar  4 16:44:10 localhost kernel: ACPI: LAPIC_NMI (acpi_id[0x42] high edge lint[0x1])
Mar  4 16:44:10 localhost kernel: ACPI: LAPIC_NMI (acpi_id[0x43] high edge lint[0x1])
Mar  4 16:44:10 localhost kernel: ACPI: LAPIC_NMI (acpi_id[0x44] high edge lint[0x1])
Mar  4 16:44:10 localhost kernel: ACPI: LAPIC_NMI (acpi_id[0x45] high edge lint[0x1])
Mar  4 16:44:10 localhost kernel: ACPI: LAPIC_NMI (acpi_id[0x46] high edge lint[0x1])
Mar  4 16:44:10 localhost kernel: ACPI: LAPIC_NMI (acpi_id[0x47] high edge lint[0x1])
Mar  4 16:44:10 localhost kernel: ACPI: LAPIC_NMI (acpi_id[0x48] high edge lint[0x1])
Mar  4 16:44:10 localhost kernel: ACPI: LAPIC_NMI (acpi_id[0x49] high edge lint[0x1])
Mar  4 16:44:10 localhost kernel: ACPI: LAPIC_NMI (acpi_id[0x4a] high edge lint[0x1])
Mar  4 16:44:10 localhost kernel: ACPI: LAPIC_NMI (acpi_id[0x4b] high edge lint[0x1])
Mar  4 16:44:10 localhost kernel: ACPI: LAPIC_NMI (acpi_id[0x4c] high edge lint[0x1])
Mar  4 16:44:10 localhost kernel: ACPI: LAPIC_NMI (acpi_id[0x4d] high edge lint[0x1])
Mar  4 16:44:10 localhost kernel: ACPI: LAPIC_NMI (acpi_id[0x4e] high edge lint[0x1])
Mar  4 16:44:10 localhost kernel: ACPI: LAPIC_NMI (acpi_id[0x4f] high edge lint[0x1])
Mar  4 16:44:10 localhost kernel: ACPI: LAPIC_NMI (acpi_id[0x50] high edge lint[0x1])
Mar  4 16:44:10 localhost kernel: ACPI: LAPIC_NMI (acpi_id[0x51] high edge lint[0x1])
Mar  4 16:44:10 localhost kernel: ACPI: LAPIC_NMI (acpi_id[0x52] high edge lint[0x1])
Mar  4 16:44:10 localhost kernel: ACPI: LAPIC_NMI (acpi_id[0x53] high edge lint[0x1])
Mar  4 16:44:10 localhost kernel: ACPI: LAPIC_NMI (acpi_id[0x54] high edge lint[0x1])
Mar  4 16:44:10 localhost kernel: ACPI: LAPIC_NMI (acpi_id[0x55] high edge lint[0x1])
Mar  4 16:44:10 localhost kernel: ACPI: LAPIC_NMI (acpi_id[0x56] high edge lint[0x1])
Mar  4 16:44:10 localhost kernel: ACPI: LAPIC_NMI (acpi_id[0x57] high edge lint[0x1])
Mar  4 16:44:10 localhost kernel: ACPI: LAPIC_NMI (acpi_id[0x58] high edge lint[0x1])
Mar  4 16:44:10 localhost kernel: ACPI: LAPIC_NMI (acpi_id[0x59] high edge lint[0x1])
Mar  4 16:44:10 localhost kernel: ACPI: LAPIC_NMI (acpi_id[0x5a] high edge lint[0x1])
Mar  4 16:44:10 localhost kernel: ACPI: LAPIC_NMI (acpi_id[0x5b] high edge lint[0x1])
Mar  4 16:44:10 localhost kernel: ACPI: LAPIC_NMI (acpi_id[0x5c] high edge lint[0x1])
Mar  4 16:44:10 localhost kernel: ACPI: LAPIC_NMI (acpi_id[0x5d] high edge lint[0x1])
Mar  4 16:44:10 localhost kernel: ACPI: LAPIC_NMI (acpi_id[0x5e] high edge lint[0x1])
Mar  4 16:44:10 localhost kernel: ACPI: LAPIC_NMI (acpi_id[0x5f] high edge lint[0x1])
Mar  4 16:44:10 localhost kernel: ACPI: LAPIC_NMI (acpi_id[0x60] high edge lint[0x1])
Mar  4 16:44:10 localhost kernel: ACPI: LAPIC_NMI (acpi_id[0x61] high edge lint[0x1])
Mar  4 16:44:10 localhost kernel: ACPI: LAPIC_NMI (acpi_id[0x62] high edge lint[0x1])
Mar  4 16:44:10 localhost kernel: ACPI: LAPIC_NMI (acpi_id[0x63] high edge lint[0x1])
Mar  4 16:44:10 localhost kernel: ACPI: LAPIC_NMI (acpi_id[0x64] high edge lint[0x1])
Mar  4 16:44:10 localhost kernel: ACPI: LAPIC_NMI (acpi_id[0x65] high edge lint[0x1])
Mar  4 16:44:10 localhost kernel: ACPI: LAPIC_NMI (acpi_id[0x66] high edge lint[0x1])
Mar  4 16:44:10 localhost kernel: ACPI: LAPIC_NMI (acpi_id[0x67] high edge lint[0x1])
Mar  4 16:44:10 localhost kernel: ACPI: LAPIC_NMI (acpi_id[0x68] high edge lint[0x1])
Mar  4 16:44:10 localhost kernel: ACPI: LAPIC_NMI (acpi_id[0x69] high edge lint[0x1])
Mar  4 16:44:10 localhost kernel: ACPI: LAPIC_NMI (acpi_id[0x6a] high edge lint[0x1])
Mar  4 16:44:10 localhost kernel: ACPI: LAPIC_NMI (acpi_id[0x6b] high edge lint[0x1])
Mar  4 16:44:10 localhost kernel: ACPI: LAPIC_NMI (acpi_id[0x6c] high edge lint[0x1])
Mar  4 16:44:10 localhost kernel: ACPI: LAPIC_NMI (acpi_id[0x6d] high edge lint[0x1])
Mar  4 16:44:10 localhost kernel: ACPI: LAPIC_NMI (acpi_id[0x6e] high edge lint[0x1])
Mar  4 16:44:10 localhost kernel: ACPI: LAPIC_NMI (acpi_id[0x6f] high edge lint[0x1])
Mar  4 16:44:10 localhost kernel: ACPI: LAPIC_NMI (acpi_id[0x70] high edge lint[0x1])
Mar  4 16:44:10 localhost kernel: ACPI: LAPIC_NMI (acpi_id[0x71] high edge lint[0x1])
Mar  4 16:44:10 localhost kernel: ACPI: LAPIC_NMI (acpi_id[0x72] high edge lint[0x1])
Mar  4 16:44:10 localhost kernel: ACPI: LAPIC_NMI (acpi_id[0x73] high edge lint[0x1])
Mar  4 16:44:10 localhost kernel: ACPI: LAPIC_NMI (acpi_id[0x74] high edge lint[0x1])
Mar  4 16:44:10 localhost kernel: ACPI: LAPIC_NMI (acpi_id[0x75] high edge lint[0x1])
Mar  4 16:44:10 localhost kernel: ACPI: LAPIC_NMI (acpi_id[0x76] high edge lint[0x1])
Mar  4 16:44:10 localhost kernel: ACPI: LAPIC_NMI (acpi_id[0x77] high edge lint[0x1])
Mar  4 16:44:10 localhost kernel: ACPI: LAPIC_NMI (acpi_id[0x78] high edge lint[0x1])
Mar  4 16:44:10 localhost kernel: ACPI: LAPIC_NMI (acpi_id[0x79] high edge lint[0x1])
Mar  4 16:44:10 localhost kernel: ACPI: LAPIC_NMI (acpi_id[0x7a] high edge lint[0x1])
Mar  4 16:44:10 localhost kernel: ACPI: LAPIC_NMI (acpi_id[0x7b] high edge lint[0x1])
Mar  4 16:44:10 localhost kernel: ACPI: LAPIC_NMI (acpi_id[0x7c] high edge lint[0x1])
Mar  4 16:44:10 localhost kernel: ACPI: LAPIC_NMI (acpi_id[0x7d] high edge lint[0x1])
Mar  4 16:44:10 localhost kernel: ACPI: LAPIC_NMI (acpi_id[0x7e] high edge lint[0x1])
Mar  4 16:44:10 localhost kernel: ACPI: LAPIC_NMI (acpi_id[0x7f] high edge lint[0x1])
Mar  4 16:44:10 localhost kernel: ACPI: IOAPIC (id[0x01] address[0xfec00000] gsi_base[0])
Mar  4 16:44:10 localhost kernel: IOAPIC[0]: apic_id 1, version 17, address 0xfec00000, GSI 0-23
Mar  4 16:44:10 localhost kernel: ACPI: INT_SRC_OVR (bus 0 bus_irq 0 global_irq 2 high edge)
Mar  4 16:44:10 localhost kernel: Using ACPI (MADT) for SMP configuration information
Mar  4 16:44:10 localhost kernel: ACPI: HPET id: 0x8086af01 base: 0xfed00000
Mar  4 16:44:10 localhost kernel: smpboot: Allowing 128 CPUs, 127 hotplug CPUs
Mar  4 16:44:10 localhost kernel: PM: Registered nosave memory: [mem 0x0009e000-0x0009efff]
Mar  4 16:44:10 localhost kernel: PM: Registered nosave memory: [mem 0x0009f000-0x0009ffff]
Mar  4 16:44:10 localhost kernel: PM: Registered nosave memory: [mem 0x000a0000-0x000dbfff]
Mar  4 16:44:10 localhost kernel: PM: Registered nosave memory: [mem 0x000dc000-0x000fffff]
Mar  4 16:44:10 localhost kernel: PM: Registered nosave memory: [mem 0x3fee0000-0x3fefefff]
Mar  4 16:44:10 localhost kernel: PM: Registered nosave memory: [mem 0x3feff000-0x3fefffff]
Mar  4 16:44:10 localhost kernel: e820: [mem 0x40000000-0xefffffff] available for PCI devices
Mar  4 16:44:10 localhost kernel: Booting paravirtualized kernel on VMware hypervisor
Mar  4 16:44:10 localhost kernel: setup_percpu: NR_CPUS:5120 nr_cpumask_bits:128 nr_cpu_ids:128 nr_node_ids:1
Mar  4 16:44:10 localhost kernel: PERCPU: Embedded 38 pages/cpu @ffff97e1fc600000 s118784 r8192 d28672 u262144
Mar  4 16:44:10 localhost kernel: Built 1 zonelists in Node order, mobility grouping on.  Total pages: 257896
Mar  4 16:44:10 localhost kernel: Policy zone: DMA32
Mar  4 16:44:10 localhost kernel: Kernel command line: BOOT_IMAGE=/vmlinuz-3.10.0-957.el7.x86_64 root=UUID=d14b1e10-91f8-44ee-967a-9c16a05fc3f1 ro crashkernel=auto rhgb quiet LANG=en_US.UTF-8
Mar  4 16:44:10 localhost kernel: PID hash table entries: 4096 (order: 3, 32768 bytes)
Mar  4 16:44:10 localhost kernel: x86/fpu: xstate_offset[2]: 0240, xstate_sizes[2]: 0100
Mar  4 16:44:10 localhost kernel: xsave: enabled xstate_bv 0x7, cntxt size 0x340 using standard form
Mar  4 16:44:10 localhost kernel: Memory: 964340k/1048576k available (7664k kernel code, 524k absent, 83712k reserved, 6055k data, 1876k init)
Mar  4 16:44:10 localhost kernel: SLUB: HWalign=64, Order=0-3, MinObjects=0, CPUs=128, Nodes=1
Mar  4 16:44:10 localhost kernel: x86/pti: Unmapping kernel while in userspace
Mar  4 16:44:10 localhost kernel: Hierarchical RCU implementation.
Mar  4 16:44:10 localhost kernel: #011RCU restricting CPUs from NR_CPUS=5120 to nr_cpu_ids=128.
Mar  4 16:44:10 localhost kernel: NR_IRQS:327936 nr_irqs:1448 0
Mar  4 16:44:10 localhost kernel: Console: colour VGA+ 80x25
Mar  4 16:44:10 localhost kernel: console [tty0] enabled
Mar  4 16:44:10 localhost kernel: allocated 4194304 bytes of page_cgroup
Mar  4 16:44:10 localhost kernel: please try 'cgroup_disable=memory' option if you don't want memory cgroups
Mar  4 16:44:10 localhost kernel: tsc: Detected 2000.003 MHz processor
Mar  4 16:44:10 localhost kernel: Calibrating delay loop (skipped) preset value.. 4000.00 BogoMIPS (lpj=2000003)
Mar  4 16:44:10 localhost kernel: pid_max: default: 131072 minimum: 1024
Mar  4 16:44:10 localhost kernel: Security Framework initialized
Mar  4 16:44:10 localhost kernel: SELinux:  Initializing.
Mar  4 16:44:10 localhost kernel: Yama: becoming mindful.
Mar  4 16:44:10 localhost kernel: Dentry cache hash table entries: 131072 (order: 8, 1048576 bytes)
Mar  4 16:44:10 localhost kernel: Inode-cache hash table entries: 65536 (order: 7, 524288 bytes)
Mar  4 16:44:10 localhost kernel: Mount-cache hash table entries: 2048 (order: 2, 16384 bytes)
Mar  4 16:44:10 localhost kernel: Mountpoint-cache hash table entries: 2048 (order: 2, 16384 bytes)
Mar  4 16:44:10 localhost kernel: Initializing cgroup subsys memory
Mar  4 16:44:10 localhost kernel: Initializing cgroup subsys devices
Mar  4 16:44:10 localhost kernel: Initializing cgroup subsys freezer
Mar  4 16:44:10 localhost kernel: Initializing cgroup subsys net_cls
Mar  4 16:44:10 localhost kernel: Initializing cgroup subsys blkio
Mar  4 16:44:10 localhost kernel: Initializing cgroup subsys perf_event
Mar  4 16:44:10 localhost kernel: Initializing cgroup subsys hugetlb
Mar  4 16:44:10 localhost kernel: Initializing cgroup subsys pids
Mar  4 16:44:10 localhost kernel: Initializing cgroup subsys net_prio
Mar  4 16:44:10 localhost kernel: Disabled fast string operations
Mar  4 16:44:10 localhost kernel: ENERGY_PERF_BIAS: Set to 'normal', was 'performance'
Mar  4 16:44:10 localhost kernel: ENERGY_PERF_BIAS: View and update with x86_energy_perf_policy(8)
Mar  4 16:44:10 localhost kernel: mce: CPU supports 0 MCE banks
Mar  4 16:44:10 localhost kernel: Last level iTLB entries: 4KB 0, 2MB 0, 4MB 0
Mar  4 16:44:10 localhost kernel: Last level dTLB entries: 4KB 64, 2MB 0, 4MB 0
Mar  4 16:44:10 localhost kernel: tlb_flushall_shift: 6
Mar  4 16:44:10 localhost kernel: Speculative Store Bypass: Vulnerable
Mar  4 16:44:10 localhost kernel: FEATURE SPEC_CTRL Not Present
Mar  4 16:44:10 localhost kernel: FEATURE IBPB_SUPPORT Not Present
Mar  4 16:44:10 localhost kernel: Spectre V2 : Vulnerable: Retpoline without IBPB
Mar  4 16:44:10 localhost kernel: ACPI: Core revision 20130517
Mar  4 16:44:10 localhost kernel: ACPI: All ACPI Tables successfully acquired
Mar  4 16:44:10 localhost kernel: ftrace: allocating 29185 entries in 115 pages
Mar  4 16:44:10 localhost kernel: Enabling x2apic
Mar  4 16:44:10 localhost kernel: Enabled x2apic
Mar  4 16:44:10 localhost kernel: Switched APIC routing to physical x2apic.
Mar  4 16:44:10 localhost kernel: ..TIMER: vector=0x30 apic1=0 pin1=2 apic2=-1 pin2=-1
Mar  4 16:44:10 localhost kernel: smpboot: CPU0: Intel(R) Core(TM) i3-5005U CPU @ 2.00GHz (fam: 06, model: 3d, stepping: 04)
Mar  4 16:44:10 localhost kernel: Performance Events: Broadwell events, core PMU driver.
Mar  4 16:44:10 localhost kernel: core: CPUID marked event: 'cpu cycles' unavailable
Mar  4 16:44:10 localhost kernel: core: CPUID marked event: 'instructions' unavailable
Mar  4 16:44:10 localhost kernel: core: CPUID marked event: 'bus cycles' unavailable
Mar  4 16:44:10 localhost kernel: core: CPUID marked event: 'cache references' unavailable
Mar  4 16:44:10 localhost kernel: core: CPUID marked event: 'cache misses' unavailable
Mar  4 16:44:10 localhost kernel: core: CPUID marked event: 'branch instructions' unavailable
Mar  4 16:44:10 localhost kernel: core: CPUID marked event: 'branch misses' unavailable
Mar  4 16:44:10 localhost kernel: ... version:                1
Mar  4 16:44:10 localhost kernel: ... bit width:              48
Mar  4 16:44:10 localhost kernel: ... generic registers:      4
Mar  4 16:44:10 localhost kernel: ... value mask:             0000ffffffffffff
Mar  4 16:44:10 localhost kernel: ... max period:             000000007fffffff
Mar  4 16:44:10 localhost kernel: ... fixed-purpose events:   0
Mar  4 16:44:10 localhost kernel: ... event mask:             000000000000000f
Mar  4 16:44:10 localhost kernel: NMI watchdog: disabled (cpu0): hardware events not enabled
Mar  4 16:44:10 localhost kernel: NMI watchdog: Shutting down hard lockup detector on all cpus
Mar  4 16:44:10 localhost kernel: Brought up 1 CPUs
Mar  4 16:44:10 localhost kernel: smpboot: Max logical packages: 128
Mar  4 16:44:10 localhost kernel: smpboot: Total of 1 processors activated (4000.00 BogoMIPS)
Mar  4 16:44:10 localhost kernel: devtmpfs: initialized
Mar  4 16:44:10 localhost kernel: EVM: security.selinux
Mar  4 16:44:10 localhost kernel: EVM: security.ima
Mar  4 16:44:10 localhost kernel: EVM: security.capability
Mar  4 16:44:10 localhost kernel: PM: Registering ACPI NVS region [mem 0x3feff000-0x3fefffff] (4096 bytes)
Mar  4 16:44:10 localhost kernel: atomic64 test passed for x86-64 platform with CX8 and with SSE
Mar  4 16:44:10 localhost kernel: pinctrl core: initialized pinctrl subsystem
Mar  4 16:44:10 localhost kernel: RTC time: 11:14:05, date: 03/04/20
Mar  4 16:44:10 localhost kernel: NET: Registered protocol family 16
Mar  4 16:44:10 localhost kernel: ACPI: bus type PCI registered
Mar  4 16:44:10 localhost kernel: acpiphp: ACPI Hot Plug PCI Controller Driver version: 0.5
Mar  4 16:44:10 localhost kernel: PCI: MMCONFIG for domain 0000 [bus 00-7f] at [mem 0xf0000000-0xf7ffffff] (base 0xf0000000)
Mar  4 16:44:10 localhost kernel: PCI: MMCONFIG at [mem 0xf0000000-0xf7ffffff] reserved in E820
Mar  4 16:44:10 localhost kernel: PCI: Using configuration type 1 for base access
Mar  4 16:44:10 localhost kernel: ACPI: Added _OSI(Module Device)
Mar  4 16:44:10 localhost kernel: ACPI: Added _OSI(Processor Device)
Mar  4 16:44:10 localhost kernel: ACPI: Added _OSI(3.0 _SCP Extensions)
Mar  4 16:44:10 localhost kernel: ACPI: Added _OSI(Processor Aggregator Device)
Mar  4 16:44:10 localhost kernel: ACPI: Added _OSI(Linux-Dell-Video)
Mar  4 16:44:10 localhost kernel: ACPI: [Firmware Bug]: BIOS _OSI(Linux) query ignored
Mar  4 16:44:10 localhost kernel: ACPI: Interpreter enabled
Mar  4 16:44:10 localhost kernel: ACPI: (supports S0 S1 S4 S5)
Mar  4 16:44:10 localhost kernel: ACPI: Using IOAPIC for interrupt routing
Mar  4 16:44:10 localhost kernel: PCI: Using host bridge windows from ACPI; if necessary, use "pci=nocrs" and report a bug
Mar  4 16:44:10 localhost kernel: ACPI: Enabled 4 GPEs in block 00 to 0F
Mar  4 16:44:10 localhost kernel: ACPI: PCI Root Bridge [PCI0] (domain 0000 [bus 00-7f])
Mar  4 16:44:10 localhost kernel: acpi PNP0A03:00: _OSC: OS supports [ExtendedConfig ASPM ClockPM Segments MSI]
Mar  4 16:44:10 localhost kernel: acpi PNP0A03:00: _OSC: platform does not support [AER]
Mar  4 16:44:10 localhost kernel: acpi PNP0A03:00: _OSC: OS now controls [PCIeHotplug SHPCHotplug PME PCIeCapability]
Mar  4 16:44:10 localhost kernel: PCI host bridge to bus 0000:00
Mar  4 16:44:10 localhost kernel: pci_bus 0000:00: root bus resource [mem 0x000a0000-0x000bffff window]
Mar  4 16:44:10 localhost kernel: pci_bus 0000:00: root bus resource [mem 0x000cc000-0x000cffff window]
Mar  4 16:44:10 localhost kernel: pci_bus 0000:00: root bus resource [mem 0x000d0000-0x000d3fff window]
Mar  4 16:44:10 localhost kernel: pci_bus 0000:00: root bus resource [mem 0x000d4000-0x000d7fff window]
Mar  4 16:44:10 localhost kernel: pci_bus 0000:00: root bus resource [mem 0x000d8000-0x000dbfff window]
Mar  4 16:44:10 localhost kernel: pci_bus 0000:00: root bus resource [mem 0xc0000000-0xfebfffff window]
Mar  4 16:44:10 localhost kernel: pci_bus 0000:00: root bus resource [io  0x0000-0x0cf7 window]
Mar  4 16:44:10 localhost kernel: pci_bus 0000:00: root bus resource [io  0x0d00-0xfeff window]
Mar  4 16:44:10 localhost kernel: pci_bus 0000:00: root bus resource [bus 00-7f]
Mar  4 16:44:10 localhost kernel: pci 0000:00:07.1: legacy IDE quirk: reg 0x10: [io  0x01f0-0x01f7]
Mar  4 16:44:10 localhost kernel: pci 0000:00:07.1: legacy IDE quirk: reg 0x14: [io  0x03f6]
Mar  4 16:44:10 localhost kernel: pci 0000:00:07.1: legacy IDE quirk: reg 0x18: [io  0x0170-0x0177]
Mar  4 16:44:10 localhost kernel: pci 0000:00:07.1: legacy IDE quirk: reg 0x1c: [io  0x0376]
Mar  4 16:44:10 localhost kernel: pci 0000:00:07.3: quirk: [io  0x1000-0x103f] claimed by PIIX4 ACPI
Mar  4 16:44:10 localhost kernel: pci 0000:00:07.3: quirk: [io  0x1040-0x104f] claimed by PIIX4 SMB
Mar  4 16:44:10 localhost kernel: pci 0000:00:11.0: System wakeup disabled by ACPI
Mar  4 16:44:10 localhost kernel: pci 0000:00:15.0: System wakeup disabled by ACPI
Mar  4 16:44:10 localhost kernel: pci 0000:00:15.1: System wakeup disabled by ACPI
Mar  4 16:44:10 localhost kernel: pci 0000:00:15.2: System wakeup disabled by ACPI
Mar  4 16:44:10 localhost kernel: pci 0000:00:15.3: System wakeup disabled by ACPI
Mar  4 16:44:10 localhost kernel: pci 0000:00:15.4: System wakeup disabled by ACPI
Mar  4 16:44:10 localhost kernel: pci 0000:00:15.5: System wakeup disabled by ACPI
Mar  4 16:44:10 localhost kernel: pci 0000:00:15.6: System wakeup disabled by ACPI
Mar  4 16:44:10 localhost kernel: pci 0000:00:15.7: System wakeup disabled by ACPI
Mar  4 16:44:10 localhost kernel: pci 0000:00:16.0: System wakeup disabled by ACPI
Mar  4 16:44:10 localhost kernel: pci 0000:00:16.1: System wakeup disabled by ACPI
Mar  4 16:44:10 localhost kernel: pci 0000:00:16.2: System wakeup disabled by ACPI
Mar  4 16:44:10 localhost kernel: pci 0000:00:16.3: System wakeup disabled by ACPI
Mar  4 16:44:10 localhost kernel: pci 0000:00:16.4: System wakeup disabled by ACPI
Mar  4 16:44:10 localhost kernel: pci 0000:00:16.5: System wakeup disabled by ACPI
Mar  4 16:44:10 localhost kernel: pci 0000:00:16.6: System wakeup disabled by ACPI
Mar  4 16:44:10 localhost kernel: pci 0000:00:16.7: System wakeup disabled by ACPI
Mar  4 16:44:10 localhost kernel: pci 0000:00:17.0: System wakeup disabled by ACPI
Mar  4 16:44:10 localhost kernel: pci 0000:00:17.1: System wakeup disabled by ACPI
Mar  4 16:44:10 localhost kernel: pci 0000:00:17.2: System wakeup disabled by ACPI
Mar  4 16:44:10 localhost kernel: pci 0000:00:17.3: System wakeup disabled by ACPI
Mar  4 16:44:10 localhost kernel: pci 0000:00:17.4: System wakeup disabled by ACPI
Mar  4 16:44:10 localhost kernel: pci 0000:00:17.5: System wakeup disabled by ACPI
Mar  4 16:44:10 localhost kernel: pci 0000:00:17.6: System wakeup disabled by ACPI
Mar  4 16:44:10 localhost kernel: pci 0000:00:17.7: System wakeup disabled by ACPI
Mar  4 16:44:10 localhost kernel: pci 0000:00:18.0: System wakeup disabled by ACPI
Mar  4 16:44:10 localhost kernel: pci 0000:00:18.1: System wakeup disabled by ACPI
Mar  4 16:44:10 localhost kernel: pci 0000:00:18.2: System wakeup disabled by ACPI
Mar  4 16:44:10 localhost kernel: pci 0000:00:18.3: System wakeup disabled by ACPI
Mar  4 16:44:10 localhost kernel: pci 0000:00:18.4: System wakeup disabled by ACPI
Mar  4 16:44:10 localhost kernel: pci 0000:00:18.5: System wakeup disabled by ACPI
Mar  4 16:44:10 localhost kernel: pci 0000:00:18.6: System wakeup disabled by ACPI
Mar  4 16:44:10 localhost kernel: pci 0000:00:18.7: System wakeup disabled by ACPI
Mar  4 16:44:10 localhost kernel: pci 0000:00:01.0: PCI bridge to [bus 01]
Mar  4 16:44:10 localhost kernel: acpiphp: Slot [32] registered
Mar  4 16:44:10 localhost kernel: acpiphp: Slot [33] registered
Mar  4 16:44:10 localhost kernel: acpiphp: Slot [34] registered
Mar  4 16:44:10 localhost kernel: acpiphp: Slot [35] registered
Mar  4 16:44:10 localhost kernel: acpiphp: Slot [36] registered
Mar  4 16:44:10 localhost kernel: acpiphp: Slot [37] registered
Mar  4 16:44:10 localhost kernel: acpiphp: Slot [38] registered
Mar  4 16:44:10 localhost kernel: acpiphp: Slot [39] registered
Mar  4 16:44:10 localhost kernel: acpiphp: Slot [40] registered
Mar  4 16:44:10 localhost kernel: acpiphp: Slot [41] registered
Mar  4 16:44:10 localhost kernel: acpiphp: Slot [42] registered
Mar  4 16:44:10 localhost kernel: acpiphp: Slot [43] registered
Mar  4 16:44:10 localhost kernel: acpiphp: Slot [44] registered
Mar  4 16:44:10 localhost kernel: acpiphp: Slot [45] registered
Mar  4 16:44:10 localhost kernel: acpiphp: Slot [46] registered
Mar  4 16:44:10 localhost kernel: acpiphp: Slot [47] registered
Mar  4 16:44:10 localhost kernel: acpiphp: Slot [48] registered
Mar  4 16:44:10 localhost kernel: acpiphp: Slot [49] registered
Mar  4 16:44:10 localhost kernel: acpiphp: Slot [50] registered
Mar  4 16:44:10 localhost kernel: acpiphp: Slot [51] registered
Mar  4 16:44:10 localhost kernel: acpiphp: Slot [52] registered
Mar  4 16:44:10 localhost kernel: acpiphp: Slot [53] registered
Mar  4 16:44:10 localhost kernel: acpiphp: Slot [54] registered
Mar  4 16:44:10 localhost kernel: acpiphp: Slot [55] registered
Mar  4 16:44:10 localhost kernel: acpiphp: Slot [56] registered
Mar  4 16:44:10 localhost kernel: acpiphp: Slot [57] registered
Mar  4 16:44:10 localhost kernel: acpiphp: Slot [58] registered
Mar  4 16:44:10 localhost kernel: acpiphp: Slot [59] registered
Mar  4 16:44:10 localhost kernel: acpiphp: Slot [60] registered
Mar  4 16:44:10 localhost kernel: acpiphp: Slot [61] registered
Mar  4 16:44:10 localhost kernel: acpiphp: Slot [62] registered
Mar  4 16:44:10 localhost kernel: acpiphp: Slot [63] registered
Mar  4 16:44:10 localhost kernel: pci 0000:02:00.0: System wakeup disabled by ACPI
Mar  4 16:44:10 localhost kernel: pci 0000:02:01.0: System wakeup disabled by ACPI
Mar  4 16:44:10 localhost kernel: pci 0000:02:02.0: System wakeup disabled by ACPI
Mar  4 16:44:10 localhost kernel: pci 0000:02:03.0: System wakeup disabled by ACPI
Mar  4 16:44:10 localhost kernel: pci 0000:00:11.0: PCI bridge to [bus 02] (subtractive decode)
Mar  4 16:44:10 localhost kernel: pci 0000:00:15.0: PCI bridge to [bus 03]
Mar  4 16:44:10 localhost kernel: pci 0000:00:15.1: PCI bridge to [bus 04]
Mar  4 16:44:10 localhost kernel: pci 0000:00:15.2: PCI bridge to [bus 05]
Mar  4 16:44:10 localhost kernel: pci 0000:00:15.3: PCI bridge to [bus 06]
Mar  4 16:44:10 localhost kernel: pci 0000:00:15.4: PCI bridge to [bus 07]
Mar  4 16:44:10 localhost kernel: pci 0000:00:15.5: PCI bridge to [bus 08]
Mar  4 16:44:10 localhost kernel: pci 0000:00:15.6: PCI bridge to [bus 09]
Mar  4 16:44:10 localhost kernel: pci 0000:00:15.7: PCI bridge to [bus 0a]
Mar  4 16:44:10 localhost kernel: pci 0000:00:16.0: PCI bridge to [bus 0b]
Mar  4 16:44:10 localhost kernel: pci 0000:00:16.1: PCI bridge to [bus 0c]
Mar  4 16:44:10 localhost kernel: pci 0000:00:16.2: PCI bridge to [bus 0d]
Mar  4 16:44:10 localhost kernel: pci 0000:00:16.3: PCI bridge to [bus 0e]
Mar  4 16:44:10 localhost kernel: pci 0000:00:16.4: PCI bridge to [bus 0f]
Mar  4 16:44:10 localhost kernel: pci 0000:00:16.5: PCI bridge to [bus 10]
Mar  4 16:44:10 localhost kernel: pci 0000:00:16.6: PCI bridge to [bus 11]
Mar  4 16:44:10 localhost kernel: pci 0000:00:16.7: PCI bridge to [bus 12]
Mar  4 16:44:10 localhost kernel: pci 0000:00:17.0: PCI bridge to [bus 13]
Mar  4 16:44:10 localhost kernel: pci 0000:00:17.1: PCI bridge to [bus 14]
Mar  4 16:44:10 localhost kernel: pci 0000:00:17.2: PCI bridge to [bus 15]
Mar  4 16:44:10 localhost kernel: pci 0000:00:17.3: PCI bridge to [bus 16]
Mar  4 16:44:10 localhost kernel: pci 0000:00:17.4: PCI bridge to [bus 17]
Mar  4 16:44:10 localhost kernel: pci 0000:00:17.5: PCI bridge to [bus 18]
Mar  4 16:44:10 localhost kernel: pci 0000:00:17.6: PCI bridge to [bus 19]
Mar  4 16:44:10 localhost kernel: pci 0000:00:17.7: PCI bridge to [bus 1a]
Mar  4 16:44:10 localhost kernel: pci 0000:00:18.0: PCI bridge to [bus 1b]
Mar  4 16:44:10 localhost kernel: pci 0000:00:18.1: PCI bridge to [bus 1c]
Mar  4 16:44:10 localhost kernel: pci 0000:00:18.2: PCI bridge to [bus 1d]
Mar  4 16:44:10 localhost kernel: pci 0000:00:18.3: PCI bridge to [bus 1e]
Mar  4 16:44:10 localhost kernel: pci 0000:00:18.4: PCI bridge to [bus 1f]
Mar  4 16:44:10 localhost kernel: pci 0000:00:18.5: PCI bridge to [bus 20]
Mar  4 16:44:10 localhost kernel: pci 0000:00:18.6: PCI bridge to [bus 21]
Mar  4 16:44:10 localhost kernel: pci 0000:00:18.7: PCI bridge to [bus 22]
Mar  4 16:44:10 localhost kernel: ACPI: PCI Interrupt Link [LNKA] (IRQs 3 4 5 6 7 *9 10 11 14 15)
Mar  4 16:44:10 localhost kernel: ACPI: PCI Interrupt Link [LNKB] (IRQs 3 4 5 6 7 9 10 *11 14 15)
Mar  4 16:44:10 localhost kernel: ACPI: PCI Interrupt Link [LNKC] (IRQs 3 4 5 6 7 9 *10 11 14 15)
Mar  4 16:44:10 localhost kernel: ACPI: PCI Interrupt Link [LNKD] (IRQs 3 4 5 6 *7 9 10 11 14 15)
Mar  4 16:44:10 localhost kernel: vgaarb: device added: PCI:0000:00:0f.0,decodes=io+mem,owns=io+mem,locks=none
Mar  4 16:44:10 localhost kernel: vgaarb: loaded
Mar  4 16:44:10 localhost kernel: vgaarb: bridge control possible 0000:00:0f.0
Mar  4 16:44:10 localhost kernel: SCSI subsystem initialized
Mar  4 16:44:10 localhost kernel: ACPI: bus type USB registered
Mar  4 16:44:10 localhost kernel: usbcore: registered new interface driver usbfs
Mar  4 16:44:10 localhost kernel: usbcore: registered new interface driver hub
Mar  4 16:44:10 localhost kernel: usbcore: registered new device driver usb
Mar  4 16:44:10 localhost kernel: EDAC MC: Ver: 3.0.0
Mar  4 16:44:10 localhost kernel: PCI: Using ACPI for IRQ routing
Mar  4 16:44:10 localhost kernel: NetLabel: Initializing
Mar  4 16:44:10 localhost kernel: NetLabel:  domain hash size = 128
Mar  4 16:44:10 localhost kernel: NetLabel:  protocols = UNLABELED CIPSOv4
Mar  4 16:44:10 localhost kernel: NetLabel:  unlabeled traffic allowed by default
Mar  4 16:44:10 localhost kernel: hpet0: at MMIO 0xfed00000, IRQs 2, 8, 0, 0, 0, 0, 0, 0, 0, 0, 0, 0, 0, 0, 0, 0
Mar  4 16:44:10 localhost kernel: hpet0: 16 comparators, 64-bit 14.318180 MHz counter
Mar  4 16:44:10 localhost kernel: amd_nb: Cannot enumerate AMD northbridges
Mar  4 16:44:10 localhost kernel: Switched to clocksource hpet
Mar  4 16:44:10 localhost kernel: pnp: PnP ACPI init
Mar  4 16:44:10 localhost kernel: ACPI: bus type PNP registered
Mar  4 16:44:10 localhost kernel: system 00:00: [io  0x1000-0x103f] could not be reserved
Mar  4 16:44:10 localhost kernel: system 00:00: [io  0x1040-0x104f] has been reserved
Mar  4 16:44:10 localhost kernel: system 00:00: [io  0x0cf0-0x0cf1] has been reserved
Mar  4 16:44:10 localhost kernel: system 00:04: [mem 0xfed00000-0xfed003ff] has been reserved
Mar  4 16:44:10 localhost kernel: system 00:07: [io  0xfce0-0xfcff] has been reserved
Mar  4 16:44:10 localhost kernel: system 00:07: [mem 0xf0000000-0xf7ffffff] has been reserved
Mar  4 16:44:10 localhost kernel: system 00:07: [mem 0xfe800000-0xfe9fffff] has been reserved
Mar  4 16:44:10 localhost kernel: pnp: PnP ACPI: found 8 devices
Mar  4 16:44:10 localhost kernel: ACPI: bus type PNP unregistered
Mar  4 16:44:10 localhost kernel: pci 0000:00:0f.0: BAR 6: assigned [mem 0xc0000000-0xc0007fff pref]
Mar  4 16:44:10 localhost kernel: pci 0000:00:10.0: BAR 6: assigned [mem 0xc0008000-0xc000bfff pref]
Mar  4 16:44:10 localhost kernel: pci 0000:00:15.3: BAR 13: no space for [io  size 0x1000]
Mar  4 16:44:10 localhost kernel: pci 0000:00:15.3: BAR 13: failed to assign [io  size 0x1000]
Mar  4 16:44:10 localhost kernel: pci 0000:00:15.4: BAR 13: no space for [io  size 0x1000]
Mar  4 16:44:10 localhost kernel: pci 0000:00:15.4: BAR 13: failed to assign [io  size 0x1000]
Mar  4 16:44:10 localhost kernel: pci 0000:00:15.5: BAR 13: no space for [io  size 0x1000]
Mar  4 16:44:10 localhost kernel: pci 0000:00:15.5: BAR 13: failed to assign [io  size 0x1000]
Mar  4 16:44:10 localhost kernel: pci 0000:00:15.6: BAR 13: no space for [io  size 0x1000]
Mar  4 16:44:10 localhost kernel: pci 0000:00:15.6: BAR 13: failed to assign [io  size 0x1000]
Mar  4 16:44:10 localhost kernel: pci 0000:00:15.7: BAR 13: no space for [io  size 0x1000]
Mar  4 16:44:10 localhost kernel: pci 0000:00:15.7: BAR 13: failed to assign [io  size 0x1000]
Mar  4 16:44:10 localhost kernel: pci 0000:00:16.3: BAR 13: no space for [io  size 0x1000]
Mar  4 16:44:10 localhost kernel: pci 0000:00:16.3: BAR 13: failed to assign [io  size 0x1000]
Mar  4 16:44:10 localhost kernel: pci 0000:00:16.4: BAR 13: no space for [io  size 0x1000]
Mar  4 16:44:10 localhost kernel: pci 0000:00:16.4: BAR 13: failed to assign [io  size 0x1000]
Mar  4 16:44:10 localhost kernel: pci 0000:00:16.5: BAR 13: no space for [io  size 0x1000]
Mar  4 16:44:10 localhost kernel: pci 0000:00:16.5: BAR 13: failed to assign [io  size 0x1000]
Mar  4 16:44:10 localhost kernel: pci 0000:00:16.6: BAR 13: no space for [io  size 0x1000]
Mar  4 16:44:10 localhost kernel: pci 0000:00:16.6: BAR 13: failed to assign [io  size 0x1000]
Mar  4 16:44:10 localhost kernel: pci 0000:00:16.7: BAR 13: no space for [io  size 0x1000]
Mar  4 16:44:10 localhost kernel: pci 0000:00:16.7: BAR 13: failed to assign [io  size 0x1000]
Mar  4 16:44:10 localhost kernel: pci 0000:00:17.3: BAR 13: no space for [io  size 0x1000]
Mar  4 16:44:10 localhost kernel: pci 0000:00:17.3: BAR 13: failed to assign [io  size 0x1000]
Mar  4 16:44:10 localhost kernel: pci 0000:00:17.4: BAR 13: no space for [io  size 0x1000]
Mar  4 16:44:10 localhost kernel: pci 0000:00:17.4: BAR 13: failed to assign [io  size 0x1000]
Mar  4 16:44:10 localhost kernel: pci 0000:00:17.5: BAR 13: no space for [io  size 0x1000]
Mar  4 16:44:10 localhost kernel: pci 0000:00:17.5: BAR 13: failed to assign [io  size 0x1000]
Mar  4 16:44:10 localhost kernel: pci 0000:00:17.6: BAR 13: no space for [io  size 0x1000]
Mar  4 16:44:10 localhost kernel: pci 0000:00:17.6: BAR 13: failed to assign [io  size 0x1000]
Mar  4 16:44:10 localhost kernel: pci 0000:00:17.7: BAR 13: no space for [io  size 0x1000]
Mar  4 16:44:10 localhost kernel: pci 0000:00:17.7: BAR 13: failed to assign [io  size 0x1000]
Mar  4 16:44:10 localhost kernel: pci 0000:00:18.2: BAR 13: no space for [io  size 0x1000]
Mar  4 16:44:10 localhost kernel: pci 0000:00:18.2: BAR 13: failed to assign [io  size 0x1000]
Mar  4 16:44:10 localhost kernel: pci 0000:00:18.3: BAR 13: no space for [io  size 0x1000]
Mar  4 16:44:10 localhost kernel: pci 0000:00:18.3: BAR 13: failed to assign [io  size 0x1000]
Mar  4 16:44:10 localhost kernel: pci 0000:00:18.4: BAR 13: no space for [io  size 0x1000]
Mar  4 16:44:10 localhost kernel: pci 0000:00:18.4: BAR 13: failed to assign [io  size 0x1000]
Mar  4 16:44:10 localhost kernel: pci 0000:00:18.5: BAR 13: no space for [io  size 0x1000]
Mar  4 16:44:10 localhost kernel: pci 0000:00:18.5: BAR 13: failed to assign [io  size 0x1000]
Mar  4 16:44:10 localhost kernel: pci 0000:00:18.6: BAR 13: no space for [io  size 0x1000]
Mar  4 16:44:10 localhost kernel: pci 0000:00:18.6: BAR 13: failed to assign [io  size 0x1000]
Mar  4 16:44:10 localhost kernel: pci 0000:00:18.7: BAR 13: no space for [io  size 0x1000]
Mar  4 16:44:10 localhost kernel: pci 0000:00:18.7: BAR 13: failed to assign [io  size 0x1000]
Mar  4 16:44:10 localhost kernel: pci 0000:00:18.7: BAR 13: no space for [io  size 0x1000]
Mar  4 16:44:10 localhost kernel: pci 0000:00:18.7: BAR 13: failed to assign [io  size 0x1000]
Mar  4 16:44:10 localhost kernel: pci 0000:00:18.6: BAR 13: no space for [io  size 0x1000]
Mar  4 16:44:10 localhost kernel: pci 0000:00:18.6: BAR 13: failed to assign [io  size 0x1000]
Mar  4 16:44:10 localhost kernel: pci 0000:00:18.5: BAR 13: no space for [io  size 0x1000]
Mar  4 16:44:10 localhost kernel: pci 0000:00:18.5: BAR 13: failed to assign [io  size 0x1000]
Mar  4 16:44:10 localhost kernel: pci 0000:00:18.4: BAR 13: no space for [io  size 0x1000]
Mar  4 16:44:10 localhost kernel: pci 0000:00:18.4: BAR 13: failed to assign [io  size 0x1000]
Mar  4 16:44:10 localhost kernel: pci 0000:00:18.3: BAR 13: no space for [io  size 0x1000]
Mar  4 16:44:10 localhost kernel: pci 0000:00:18.3: BAR 13: failed to assign [io  size 0x1000]
Mar  4 16:44:10 localhost kernel: pci 0000:00:18.2: BAR 13: no space for [io  size 0x1000]
Mar  4 16:44:10 localhost kernel: pci 0000:00:18.2: BAR 13: failed to assign [io  size 0x1000]
Mar  4 16:44:10 localhost kernel: pci 0000:00:17.7: BAR 13: no space for [io  size 0x1000]
Mar  4 16:44:10 localhost kernel: pci 0000:00:17.7: BAR 13: failed to assign [io  size 0x1000]
Mar  4 16:44:10 localhost kernel: pci 0000:00:17.6: BAR 13: no space for [io  size 0x1000]
Mar  4 16:44:10 localhost kernel: pci 0000:00:17.6: BAR 13: failed to assign [io  size 0x1000]
Mar  4 16:44:10 localhost kernel: pci 0000:00:17.5: BAR 13: no space for [io  size 0x1000]
Mar  4 16:44:10 localhost kernel: pci 0000:00:17.5: BAR 13: failed to assign [io  size 0x1000]
Mar  4 16:44:10 localhost kernel: pci 0000:00:17.4: BAR 13: no space for [io  size 0x1000]
Mar  4 16:44:10 localhost kernel: pci 0000:00:17.4: BAR 13: failed to assign [io  size 0x1000]
Mar  4 16:44:10 localhost kernel: pci 0000:00:17.3: BAR 13: no space for [io  size 0x1000]
Mar  4 16:44:10 localhost kernel: pci 0000:00:17.3: BAR 13: failed to assign [io  size 0x1000]
Mar  4 16:44:10 localhost kernel: pci 0000:00:16.7: BAR 13: no space for [io  size 0x1000]
Mar  4 16:44:10 localhost kernel: pci 0000:00:16.7: BAR 13: failed to assign [io  size 0x1000]
Mar  4 16:44:10 localhost kernel: pci 0000:00:16.6: BAR 13: no space for [io  size 0x1000]
Mar  4 16:44:10 localhost kernel: pci 0000:00:16.6: BAR 13: failed to assign [io  size 0x1000]
Mar  4 16:44:10 localhost kernel: pci 0000:00:16.5: BAR 13: no space for [io  size 0x1000]
Mar  4 16:44:10 localhost kernel: pci 0000:00:16.5: BAR 13: failed to assign [io  size 0x1000]
Mar  4 16:44:10 localhost kernel: pci 0000:00:16.4: BAR 13: no space for [io  size 0x1000]
Mar  4 16:44:10 localhost kernel: pci 0000:00:16.4: BAR 13: failed to assign [io  size 0x1000]
Mar  4 16:44:10 localhost kernel: pci 0000:00:16.3: BAR 13: no space for [io  size 0x1000]
Mar  4 16:44:10 localhost kernel: pci 0000:00:16.3: BAR 13: failed to assign [io  size 0x1000]
Mar  4 16:44:10 localhost kernel: pci 0000:00:15.7: BAR 13: no space for [io  size 0x1000]
Mar  4 16:44:10 localhost kernel: pci 0000:00:15.7: BAR 13: failed to assign [io  size 0x1000]
Mar  4 16:44:10 localhost kernel: pci 0000:00:15.6: BAR 13: no space for [io  size 0x1000]
Mar  4 16:44:10 localhost kernel: pci 0000:00:15.6: BAR 13: failed to assign [io  size 0x1000]
Mar  4 16:44:10 localhost kernel: pci 0000:00:15.5: BAR 13: no space for [io  size 0x1000]
Mar  4 16:44:10 localhost kernel: pci 0000:00:15.5: BAR 13: failed to assign [io  size 0x1000]
Mar  4 16:44:10 localhost kernel: pci 0000:00:15.4: BAR 13: no space for [io  size 0x1000]
Mar  4 16:44:10 localhost kernel: pci 0000:00:15.4: BAR 13: failed to assign [io  size 0x1000]
Mar  4 16:44:10 localhost kernel: pci 0000:00:15.3: BAR 13: no space for [io  size 0x1000]
Mar  4 16:44:10 localhost kernel: pci 0000:00:15.3: BAR 13: failed to assign [io  size 0x1000]
Mar  4 16:44:10 localhost kernel: pci 0000:00:01.0: PCI bridge to [bus 01]
Mar  4 16:44:10 localhost kernel: pci 0000:02:01.0: BAR 6: assigned [mem 0xfd500000-0xfd50ffff pref]
Mar  4 16:44:10 localhost kernel: pci 0000:00:11.0: PCI bridge to [bus 02]
Mar  4 16:44:10 localhost kernel: pci 0000:00:11.0:   bridge window [io  0x2000-0x3fff]
Mar  4 16:44:10 localhost kernel: pci 0000:00:11.0:   bridge window [mem 0xfd500000-0xfdffffff]
Mar  4 16:44:10 localhost kernel: pci 0000:00:11.0:   bridge window [mem 0xe7b00000-0xe7ffffff 64bit pref]
Mar  4 16:44:10 localhost kernel: pci 0000:00:15.0: PCI bridge to [bus 03]
Mar  4 16:44:10 localhost kernel: pci 0000:00:15.0:   bridge window [io  0x4000-0x4fff]
Mar  4 16:44:10 localhost kernel: pci 0000:00:15.0:   bridge window [mem 0xfd400000-0xfd4fffff]
Mar  4 16:44:10 localhost kernel: pci 0000:00:15.0:   bridge window [mem 0xe7a00000-0xe7afffff 64bit pref]
Mar  4 16:44:10 localhost kernel: pci 0000:00:15.1: PCI bridge to [bus 04]
Mar  4 16:44:10 localhost kernel: pci 0000:00:15.1:   bridge window [io  0x8000-0x8fff]
Mar  4 16:44:10 localhost kernel: pci 0000:00:15.1:   bridge window [mem 0xfd000000-0xfd0fffff]
Mar  4 16:44:10 localhost kernel: pci 0000:00:15.1:   bridge window [mem 0xe7600000-0xe76fffff 64bit pref]
Mar  4 16:44:10 localhost kernel: pci 0000:00:15.2: PCI bridge to [bus 05]
Mar  4 16:44:10 localhost kernel: pci 0000:00:15.2:   bridge window [io  0xc000-0xcfff]
Mar  4 16:44:10 localhost kernel: pci 0000:00:15.2:   bridge window [mem 0xfcc00000-0xfccfffff]
Mar  4 16:44:10 localhost kernel: pci 0000:00:15.2:   bridge window [mem 0xe7200000-0xe72fffff 64bit pref]
Mar  4 16:44:10 localhost kernel: pci 0000:00:15.3: PCI bridge to [bus 06]
Mar  4 16:44:10 localhost kernel: pci 0000:00:15.3:   bridge window [mem 0xfc800000-0xfc8fffff]
Mar  4 16:44:10 localhost kernel: pci 0000:00:15.3:   bridge window [mem 0xe6e00000-0xe6efffff 64bit pref]
Mar  4 16:44:10 localhost kernel: pci 0000:00:15.4: PCI bridge to [bus 07]
Mar  4 16:44:10 localhost kernel: pci 0000:00:15.4:   bridge window [mem 0xfc400000-0xfc4fffff]
Mar  4 16:44:10 localhost kernel: pci 0000:00:15.4:   bridge window [mem 0xe6a00000-0xe6afffff 64bit pref]
Mar  4 16:44:10 localhost kernel: pci 0000:00:15.5: PCI bridge to [bus 08]
Mar  4 16:44:10 localhost kernel: pci 0000:00:15.5:   bridge window [mem 0xfc000000-0xfc0fffff]
Mar  4 16:44:10 localhost kernel: pci 0000:00:15.5:   bridge window [mem 0xe6600000-0xe66fffff 64bit pref]
Mar  4 16:44:10 localhost kernel: pci 0000:00:15.6: PCI bridge to [bus 09]
Mar  4 16:44:10 localhost kernel: pci 0000:00:15.6:   bridge window [mem 0xfbc00000-0xfbcfffff]
Mar  4 16:44:10 localhost kernel: pci 0000:00:15.6:   bridge window [mem 0xe6200000-0xe62fffff 64bit pref]
Mar  4 16:44:10 localhost kernel: pci 0000:00:15.7: PCI bridge to [bus 0a]
Mar  4 16:44:10 localhost kernel: pci 0000:00:15.7:   bridge window [mem 0xfb800000-0xfb8fffff]
Mar  4 16:44:10 localhost kernel: pci 0000:00:15.7:   bridge window [mem 0xe5e00000-0xe5efffff 64bit pref]
Mar  4 16:44:10 localhost kernel: pci 0000:00:16.0: PCI bridge to [bus 0b]
Mar  4 16:44:10 localhost kernel: pci 0000:00:16.0:   bridge window [io  0x5000-0x5fff]
Mar  4 16:44:10 localhost kernel: pci 0000:00:16.0:   bridge window [mem 0xfd300000-0xfd3fffff]
Mar  4 16:44:10 localhost kernel: pci 0000:00:16.0:   bridge window [mem 0xe7900000-0xe79fffff 64bit pref]
Mar  4 16:44:10 localhost kernel: pci 0000:00:16.1: PCI bridge to [bus 0c]
Mar  4 16:44:10 localhost kernel: pci 0000:00:16.1:   bridge window [io  0x9000-0x9fff]
Mar  4 16:44:10 localhost kernel: pci 0000:00:16.1:   bridge window [mem 0xfcf00000-0xfcffffff]
Mar  4 16:44:10 localhost kernel: pci 0000:00:16.1:   bridge window [mem 0xe7500000-0xe75fffff 64bit pref]
Mar  4 16:44:10 localhost kernel: pci 0000:00:16.2: PCI bridge to [bus 0d]
Mar  4 16:44:10 localhost kernel: pci 0000:00:16.2:   bridge window [io  0xd000-0xdfff]
Mar  4 16:44:10 localhost kernel: pci 0000:00:16.2:   bridge window [mem 0xfcb00000-0xfcbfffff]
Mar  4 16:44:10 localhost kernel: pci 0000:00:16.2:   bridge window [mem 0xe7100000-0xe71fffff 64bit pref]
Mar  4 16:44:10 localhost kernel: pci 0000:00:16.3: PCI bridge to [bus 0e]
Mar  4 16:44:10 localhost kernel: pci 0000:00:16.3:   bridge window [mem 0xfc700000-0xfc7fffff]
Mar  4 16:44:10 localhost kernel: pci 0000:00:16.3:   bridge window [mem 0xe6d00000-0xe6dfffff 64bit pref]
Mar  4 16:44:10 localhost kernel: pci 0000:00:16.4: PCI bridge to [bus 0f]
Mar  4 16:44:10 localhost kernel: pci 0000:00:16.4:   bridge window [mem 0xfc300000-0xfc3fffff]
Mar  4 16:44:10 localhost kernel: pci 0000:00:16.4:   bridge window [mem 0xe6900000-0xe69fffff 64bit pref]
Mar  4 16:44:10 localhost kernel: pci 0000:00:16.5: PCI bridge to [bus 10]
Mar  4 16:44:10 localhost kernel: pci 0000:00:16.5:   bridge window [mem 0xfbf00000-0xfbffffff]
Mar  4 16:44:10 localhost kernel: pci 0000:00:16.5:   bridge window [mem 0xe6500000-0xe65fffff 64bit pref]
Mar  4 16:44:10 localhost kernel: pci 0000:00:16.6: PCI bridge to [bus 11]
Mar  4 16:44:10 localhost kernel: pci 0000:00:16.6:   bridge window [mem 0xfbb00000-0xfbbfffff]
Mar  4 16:44:10 localhost kernel: pci 0000:00:16.6:   bridge window [mem 0xe6100000-0xe61fffff 64bit pref]
Mar  4 16:44:10 localhost kernel: pci 0000:00:16.7: PCI bridge to [bus 12]
Mar  4 16:44:10 localhost kernel: pci 0000:00:16.7:   bridge window [mem 0xfb700000-0xfb7fffff]
Mar  4 16:44:10 localhost kernel: pci 0000:00:16.7:   bridge window [mem 0xe5d00000-0xe5dfffff 64bit pref]
Mar  4 16:44:10 localhost kernel: pci 0000:00:17.0: PCI bridge to [bus 13]
Mar  4 16:44:10 localhost kernel: pci 0000:00:17.0:   bridge window [io  0x6000-0x6fff]
Mar  4 16:44:10 localhost kernel: pci 0000:00:17.0:   bridge window [mem 0xfd200000-0xfd2fffff]
Mar  4 16:44:10 localhost kernel: pci 0000:00:17.0:   bridge window [mem 0xe7800000-0xe78fffff 64bit pref]
Mar  4 16:44:10 localhost kernel: pci 0000:00:17.1: PCI bridge to [bus 14]
Mar  4 16:44:10 localhost kernel: pci 0000:00:17.1:   bridge window [io  0xa000-0xafff]
Mar  4 16:44:10 localhost kernel: pci 0000:00:17.1:   bridge window [mem 0xfce00000-0xfcefffff]
Mar  4 16:44:10 localhost kernel: pci 0000:00:17.1:   bridge window [mem 0xe7400000-0xe74fffff 64bit pref]
Mar  4 16:44:10 localhost kernel: pci 0000:00:17.2: PCI bridge to [bus 15]
Mar  4 16:44:10 localhost kernel: pci 0000:00:17.2:   bridge window [io  0xe000-0xefff]
Mar  4 16:44:10 localhost kernel: pci 0000:00:17.2:   bridge window [mem 0xfca00000-0xfcafffff]
Mar  4 16:44:10 localhost kernel: pci 0000:00:17.2:   bridge window [mem 0xe7000000-0xe70fffff 64bit pref]
Mar  4 16:44:10 localhost kernel: pci 0000:00:17.3: PCI bridge to [bus 16]
Mar  4 16:44:10 localhost kernel: pci 0000:00:17.3:   bridge window [mem 0xfc600000-0xfc6fffff]
Mar  4 16:44:10 localhost kernel: pci 0000:00:17.3:   bridge window [mem 0xe6c00000-0xe6cfffff 64bit pref]
Mar  4 16:44:10 localhost kernel: pci 0000:00:17.4: PCI bridge to [bus 17]
Mar  4 16:44:10 localhost kernel: pci 0000:00:17.4:   bridge window [mem 0xfc200000-0xfc2fffff]
Mar  4 16:44:10 localhost kernel: pci 0000:00:17.4:   bridge window [mem 0xe6800000-0xe68fffff 64bit pref]
Mar  4 16:44:10 localhost kernel: pci 0000:00:17.5: PCI bridge to [bus 18]
Mar  4 16:44:10 localhost kernel: pci 0000:00:17.5:   bridge window [mem 0xfbe00000-0xfbefffff]
Mar  4 16:44:10 localhost kernel: pci 0000:00:17.5:   bridge window [mem 0xe6400000-0xe64fffff 64bit pref]
Mar  4 16:44:10 localhost kernel: pci 0000:00:17.6: PCI bridge to [bus 19]
Mar  4 16:44:10 localhost kernel: pci 0000:00:17.6:   bridge window [mem 0xfba00000-0xfbafffff]
Mar  4 16:44:10 localhost kernel: pci 0000:00:17.6:   bridge window [mem 0xe6000000-0xe60fffff 64bit pref]
Mar  4 16:44:10 localhost kernel: pci 0000:00:17.7: PCI bridge to [bus 1a]
Mar  4 16:44:10 localhost kernel: pci 0000:00:17.7:   bridge window [mem 0xfb600000-0xfb6fffff]
Mar  4 16:44:10 localhost kernel: pci 0000:00:17.7:   bridge window [mem 0xe5c00000-0xe5cfffff 64bit pref]
Mar  4 16:44:10 localhost kernel: pci 0000:00:18.0: PCI bridge to [bus 1b]
Mar  4 16:44:10 localhost kernel: pci 0000:00:18.0:   bridge window [io  0x7000-0x7fff]
Mar  4 16:44:10 localhost kernel: pci 0000:00:18.0:   bridge window [mem 0xfd100000-0xfd1fffff]
Mar  4 16:44:10 localhost kernel: pci 0000:00:18.0:   bridge window [mem 0xe7700000-0xe77fffff 64bit pref]
Mar  4 16:44:10 localhost kernel: pci 0000:00:18.1: PCI bridge to [bus 1c]
Mar  4 16:44:10 localhost kernel: pci 0000:00:18.1:   bridge window [io  0xb000-0xbfff]
Mar  4 16:44:10 localhost kernel: pci 0000:00:18.1:   bridge window [mem 0xfcd00000-0xfcdfffff]
Mar  4 16:44:10 localhost kernel: pci 0000:00:18.1:   bridge window [mem 0xe7300000-0xe73fffff 64bit pref]
Mar  4 16:44:10 localhost kernel: pci 0000:00:18.2: PCI bridge to [bus 1d]
Mar  4 16:44:10 localhost kernel: pci 0000:00:18.2:   bridge window [mem 0xfc900000-0xfc9fffff]
Mar  4 16:44:10 localhost kernel: pci 0000:00:18.2:   bridge window [mem 0xe6f00000-0xe6ffffff 64bit pref]
Mar  4 16:44:10 localhost kernel: pci 0000:00:18.3: PCI bridge to [bus 1e]
Mar  4 16:44:10 localhost kernel: pci 0000:00:18.3:   bridge window [mem 0xfc500000-0xfc5fffff]
Mar  4 16:44:10 localhost kernel: pci 0000:00:18.3:   bridge window [mem 0xe6b00000-0xe6bfffff 64bit pref]
Mar  4 16:44:10 localhost kernel: pci 0000:00:18.4: PCI bridge to [bus 1f]
Mar  4 16:44:10 localhost kernel: pci 0000:00:18.4:   bridge window [mem 0xfc100000-0xfc1fffff]
Mar  4 16:44:10 localhost kernel: pci 0000:00:18.4:   bridge window [mem 0xe6700000-0xe67fffff 64bit pref]
Mar  4 16:44:10 localhost kernel: pci 0000:00:18.5: PCI bridge to [bus 20]
Mar  4 16:44:10 localhost kernel: pci 0000:00:18.5:   bridge window [mem 0xfbd00000-0xfbdfffff]
Mar  4 16:44:10 localhost kernel: pci 0000:00:18.5:   bridge window [mem 0xe6300000-0xe63fffff 64bit pref]
Mar  4 16:44:10 localhost kernel: pci 0000:00:18.6: PCI bridge to [bus 21]
Mar  4 16:44:10 localhost kernel: pci 0000:00:18.6:   bridge window [mem 0xfb900000-0xfb9fffff]
Mar  4 16:44:10 localhost kernel: pci 0000:00:18.6:   bridge window [mem 0xe5f00000-0xe5ffffff 64bit pref]
Mar  4 16:44:10 localhost kernel: pci 0000:00:18.7: PCI bridge to [bus 22]
Mar  4 16:44:10 localhost kernel: pci 0000:00:18.7:   bridge window [mem 0xfb500000-0xfb5fffff]
Mar  4 16:44:10 localhost kernel: pci 0000:00:18.7:   bridge window [mem 0xe5b00000-0xe5bfffff 64bit pref]
Mar  4 16:44:10 localhost kernel: NET: Registered protocol family 2
Mar  4 16:44:10 localhost kernel: TCP established hash table entries: 8192 (order: 4, 65536 bytes)
Mar  4 16:44:10 localhost kernel: TCP bind hash table entries: 8192 (order: 5, 131072 bytes)
Mar  4 16:44:10 localhost kernel: TCP: Hash tables configured (established 8192 bind 8192)
Mar  4 16:44:10 localhost kernel: TCP: reno registered
Mar  4 16:44:10 localhost kernel: UDP hash table entries: 512 (order: 2, 16384 bytes)
Mar  4 16:44:10 localhost kernel: UDP-Lite hash table entries: 512 (order: 2, 16384 bytes)
Mar  4 16:44:10 localhost kernel: NET: Registered protocol family 1
Mar  4 16:44:10 localhost kernel: pci 0000:00:00.0: Limiting direct PCI/PCI transfers
Mar  4 16:44:10 localhost kernel: Unpacking initramfs...
Mar  4 16:44:10 localhost kernel: Freeing initrd memory: 28564k freed
Mar  4 16:44:10 localhost kernel: RAPL PMU: API unit is 2^-32 Joules, 4 fixed counters, 10737418240 ms ovfl timer
Mar  4 16:44:10 localhost kernel: RAPL PMU: hw unit of domain pp0-core 2^-0 Joules
Mar  4 16:44:10 localhost kernel: RAPL PMU: hw unit of domain package 2^-0 Joules
Mar  4 16:44:10 localhost kernel: RAPL PMU: hw unit of domain dram 2^-0 Joules
Mar  4 16:44:10 localhost kernel: RAPL PMU: hw unit of domain pp1-gpu 2^-0 Joules
Mar  4 16:44:10 localhost kernel: Simple Boot Flag at 0x36 set to 0x80
Mar  4 16:44:10 localhost kernel: Switched to clocksource tsc
Mar  4 16:44:10 localhost kernel: sha1_ssse3: Using AVX2 optimized SHA-1 implementation
Mar  4 16:44:10 localhost kernel: sha256_ssse3: Using AVX2 optimized SHA-256 implementation
Mar  4 16:44:10 localhost kernel: futex hash table entries: 32768 (order: 9, 2097152 bytes)
Mar  4 16:44:10 localhost kernel: Initialise system trusted keyring
Mar  4 16:44:10 localhost kernel: audit: initializing netlink socket (disabled)
Mar  4 16:44:10 localhost kernel: type=2000 audit(1583320448.101:1): initialized
Mar  4 16:44:10 localhost kernel: HugeTLB registered 1 GB page size, pre-allocated 0 pages
Mar  4 16:44:10 localhost kernel: HugeTLB registered 2 MB page size, pre-allocated 0 pages
Mar  4 16:44:10 localhost kernel: zpool: loaded
Mar  4 16:44:10 localhost kernel: zbud: loaded
Mar  4 16:44:10 localhost kernel: VFS: Disk quotas dquot_6.5.2
Mar  4 16:44:10 localhost kernel: Dquot-cache hash table entries: 512 (order 0, 4096 bytes)
Mar  4 16:44:10 localhost kernel: msgmni has been set to 1939
Mar  4 16:44:10 localhost kernel: Key type big_key registered
Mar  4 16:44:10 localhost kernel: NET: Registered protocol family 38
Mar  4 16:44:10 localhost kernel: Key type asymmetric registered
Mar  4 16:44:10 localhost kernel: Asymmetric key parser 'x509' registered
Mar  4 16:44:10 localhost kernel: Block layer SCSI generic (bsg) driver version 0.4 loaded (major 248)
Mar  4 16:44:10 localhost kernel: io scheduler noop registered
Mar  4 16:44:10 localhost kernel: io scheduler deadline registered (default)
Mar  4 16:44:10 localhost kernel: io scheduler cfq registered
Mar  4 16:44:10 localhost kernel: io scheduler mq-deadline registered
Mar  4 16:44:10 localhost kernel: io scheduler kyber registered
Mar  4 16:44:10 localhost kernel: pcieport 0000:00:15.0: Signaling PME through PCIe PME interrupt
Mar  4 16:44:10 localhost kernel: pcieport 0000:00:15.1: Signaling PME through PCIe PME interrupt
Mar  4 16:44:10 localhost kernel: pcieport 0000:00:15.2: Signaling PME through PCIe PME interrupt
Mar  4 16:44:10 localhost kernel: pcieport 0000:00:15.3: Signaling PME through PCIe PME interrupt
Mar  4 16:44:10 localhost kernel: pcieport 0000:00:15.4: Signaling PME through PCIe PME interrupt
Mar  4 16:44:10 localhost kernel: pcieport 0000:00:15.5: Signaling PME through PCIe PME interrupt
Mar  4 16:44:10 localhost kernel: pcieport 0000:00:15.6: Signaling PME through PCIe PME interrupt
Mar  4 16:44:10 localhost kernel: pcieport 0000:00:15.7: Signaling PME through PCIe PME interrupt
Mar  4 16:44:10 localhost kernel: pcieport 0000:00:16.0: Signaling PME through PCIe PME interrupt
Mar  4 16:44:10 localhost kernel: pcieport 0000:00:16.1: Signaling PME through PCIe PME interrupt
Mar  4 16:44:10 localhost kernel: pcieport 0000:00:16.2: Signaling PME through PCIe PME interrupt
Mar  4 16:44:10 localhost kernel: pcieport 0000:00:16.3: Signaling PME through PCIe PME interrupt
Mar  4 16:44:10 localhost kernel: pcieport 0000:00:16.4: Signaling PME through PCIe PME interrupt
Mar  4 16:44:10 localhost kernel: pcieport 0000:00:16.5: Signaling PME through PCIe PME interrupt
Mar  4 16:44:11 localhost kernel: pcieport 0000:00:16.6: Signaling PME through PCIe PME interrupt
Mar  4 16:44:11 localhost kernel: pcieport 0000:00:16.7: Signaling PME through PCIe PME interrupt
Mar  4 16:44:11 localhost kernel: pcieport 0000:00:17.0: Signaling PME through PCIe PME interrupt
Mar  4 16:44:11 localhost kernel: pcieport 0000:00:17.1: Signaling PME through PCIe PME interrupt
Mar  4 16:44:11 localhost kernel: pcieport 0000:00:17.2: Signaling PME through PCIe PME interrupt
Mar  4 16:44:11 localhost kernel: pcieport 0000:00:17.3: Signaling PME through PCIe PME interrupt
Mar  4 16:44:11 localhost kernel: pcieport 0000:00:17.4: Signaling PME through PCIe PME interrupt
Mar  4 16:44:11 localhost kernel: pcieport 0000:00:17.5: Signaling PME through PCIe PME interrupt
Mar  4 16:44:11 localhost kernel: pcieport 0000:00:17.6: Signaling PME through PCIe PME interrupt
Mar  4 16:44:11 localhost kernel: pcieport 0000:00:17.7: Signaling PME through PCIe PME interrupt
Mar  4 16:44:11 localhost kernel: pcieport 0000:00:18.0: Signaling PME through PCIe PME interrupt
Mar  4 16:44:11 localhost kernel: pcieport 0000:00:18.1: Signaling PME through PCIe PME interrupt
Mar  4 16:44:11 localhost kernel: pcieport 0000:00:18.2: Signaling PME through PCIe PME interrupt
Mar  4 16:44:11 localhost kernel: pcieport 0000:00:18.3: Signaling PME through PCIe PME interrupt
Mar  4 16:44:11 localhost kernel: pcieport 0000:00:18.4: Signaling PME through PCIe PME interrupt
Mar  4 16:44:11 localhost kernel: pcieport 0000:00:18.5: Signaling PME through PCIe PME interrupt
Mar  4 16:44:11 localhost kernel: pcieport 0000:00:18.6: Signaling PME through PCIe PME interrupt
Mar  4 16:44:11 localhost kernel: pcieport 0000:00:18.7: Signaling PME through PCIe PME interrupt
Mar  4 16:44:11 localhost kernel: pci_hotplug: PCI Hot Plug PCI Core version: 0.5
Mar  4 16:44:11 localhost kernel: pciehp 0000:00:15.0:pcie004: Slot #160 AttnBtn+ PwrCtrl+ MRL- AttnInd- PwrInd- HotPlug+ Surprise- Interlock- NoCompl+ LLActRep+
Mar  4 16:44:11 localhost kernel: pciehp 0000:00:15.1:pcie004: Slot #161 AttnBtn+ PwrCtrl+ MRL- AttnInd- PwrInd- HotPlug+ Surprise- Interlock- NoCompl+ LLActRep+
Mar  4 16:44:11 localhost kernel: pciehp 0000:00:15.2:pcie004: Slot #162 AttnBtn+ PwrCtrl+ MRL- AttnInd- PwrInd- HotPlug+ Surprise- Interlock- NoCompl+ LLActRep+
Mar  4 16:44:11 localhost kernel: pciehp 0000:00:15.3:pcie004: Slot #163 AttnBtn+ PwrCtrl+ MRL- AttnInd- PwrInd- HotPlug+ Surprise- Interlock- NoCompl+ LLActRep+
Mar  4 16:44:11 localhost kernel: pciehp 0000:00:15.4:pcie004: Slot #164 AttnBtn+ PwrCtrl+ MRL- AttnInd- PwrInd- HotPlug+ Surprise- Interlock- NoCompl+ LLActRep+
Mar  4 16:44:11 localhost kernel: pciehp 0000:00:15.5:pcie004: Slot #165 AttnBtn+ PwrCtrl+ MRL- AttnInd- PwrInd- HotPlug+ Surprise- Interlock- NoCompl+ LLActRep+
Mar  4 16:44:11 localhost kernel: pciehp 0000:00:15.6:pcie004: Slot #166 AttnBtn+ PwrCtrl+ MRL- AttnInd- PwrInd- HotPlug+ Surprise- Interlock- NoCompl+ LLActRep+
Mar  4 16:44:11 localhost kernel: pciehp 0000:00:15.7:pcie004: Slot #167 AttnBtn+ PwrCtrl+ MRL- AttnInd- PwrInd- HotPlug+ Surprise- Interlock- NoCompl+ LLActRep+
Mar  4 16:44:11 localhost kernel: pciehp 0000:00:16.0:pcie004: Slot #192 AttnBtn+ PwrCtrl+ MRL- AttnInd- PwrInd- HotPlug+ Surprise- Interlock- NoCompl+ LLActRep+
Mar  4 16:44:11 localhost kernel: pciehp 0000:00:16.1:pcie004: Slot #193 AttnBtn+ PwrCtrl+ MRL- AttnInd- PwrInd- HotPlug+ Surprise- Interlock- NoCompl+ LLActRep+
Mar  4 16:44:11 localhost kernel: pciehp 0000:00:16.2:pcie004: Slot #194 AttnBtn+ PwrCtrl+ MRL- AttnInd- PwrInd- HotPlug+ Surprise- Interlock- NoCompl+ LLActRep+
Mar  4 16:44:11 localhost kernel: pciehp 0000:00:16.3:pcie004: Slot #195 AttnBtn+ PwrCtrl+ MRL- AttnInd- PwrInd- HotPlug+ Surprise- Interlock- NoCompl+ LLActRep+
Mar  4 16:44:11 localhost kernel: pciehp 0000:00:16.4:pcie004: Slot #196 AttnBtn+ PwrCtrl+ MRL- AttnInd- PwrInd- HotPlug+ Surprise- Interlock- NoCompl+ LLActRep+
Mar  4 16:44:11 localhost kernel: pciehp 0000:00:16.5:pcie004: Slot #197 AttnBtn+ PwrCtrl+ MRL- AttnInd- PwrInd- HotPlug+ Surprise- Interlock- NoCompl+ LLActRep+
Mar  4 16:44:11 localhost kernel: pciehp 0000:00:16.6:pcie004: Slot #198 AttnBtn+ PwrCtrl+ MRL- AttnInd- PwrInd- HotPlug+ Surprise- Interlock- NoCompl+ LLActRep+
Mar  4 16:44:11 localhost kernel: pciehp 0000:00:16.7:pcie004: Slot #199 AttnBtn+ PwrCtrl+ MRL- AttnInd- PwrInd- HotPlug+ Surprise- Interlock- NoCompl+ LLActRep+
Mar  4 16:44:11 localhost kernel: pciehp 0000:00:17.0:pcie004: Slot #224 AttnBtn+ PwrCtrl+ MRL- AttnInd- PwrInd- HotPlug+ Surprise- Interlock- NoCompl+ LLActRep+
Mar  4 16:44:11 localhost kernel: pciehp 0000:00:17.1:pcie004: Slot #225 AttnBtn+ PwrCtrl+ MRL- AttnInd- PwrInd- HotPlug+ Surprise- Interlock- NoCompl+ LLActRep+
Mar  4 16:44:11 localhost kernel: pciehp 0000:00:17.2:pcie004: Slot #226 AttnBtn+ PwrCtrl+ MRL- AttnInd- PwrInd- HotPlug+ Surprise- Interlock- NoCompl+ LLActRep+
Mar  4 16:44:11 localhost kernel: pciehp 0000:00:17.3:pcie004: Slot #227 AttnBtn+ PwrCtrl+ MRL- AttnInd- PwrInd- HotPlug+ Surprise- Interlock- NoCompl+ LLActRep+
Mar  4 16:44:11 localhost kernel: pciehp 0000:00:17.4:pcie004: Slot #228 AttnBtn+ PwrCtrl+ MRL- AttnInd- PwrInd- HotPlug+ Surprise- Interlock- NoCompl+ LLActRep+
Mar  4 16:44:11 localhost kernel: pciehp 0000:00:17.5:pcie004: Slot #229 AttnBtn+ PwrCtrl+ MRL- AttnInd- PwrInd- HotPlug+ Surprise- Interlock- NoCompl+ LLActRep+
Mar  4 16:44:11 localhost kernel: pciehp 0000:00:17.6:pcie004: Slot #230 AttnBtn+ PwrCtrl+ MRL- AttnInd- PwrInd- HotPlug+ Surprise- Interlock- NoCompl+ LLActRep+
Mar  4 16:44:11 localhost kernel: pciehp 0000:00:17.7:pcie004: Slot #231 AttnBtn+ PwrCtrl+ MRL- AttnInd- PwrInd- HotPlug+ Surprise- Interlock- NoCompl+ LLActRep+
Mar  4 16:44:11 localhost kernel: pciehp 0000:00:18.0:pcie004: Slot #256 AttnBtn+ PwrCtrl+ MRL- AttnInd- PwrInd- HotPlug+ Surprise- Interlock- NoCompl+ LLActRep+
Mar  4 16:44:11 localhost kernel: pciehp 0000:00:18.1:pcie004: Slot #257 AttnBtn+ PwrCtrl+ MRL- AttnInd- PwrInd- HotPlug+ Surprise- Interlock- NoCompl+ LLActRep+
Mar  4 16:44:11 localhost kernel: pciehp 0000:00:18.2:pcie004: Slot #258 AttnBtn+ PwrCtrl+ MRL- AttnInd- PwrInd- HotPlug+ Surprise- Interlock- NoCompl+ LLActRep+
Mar  4 16:44:11 localhost kernel: pciehp 0000:00:18.3:pcie004: Slot #259 AttnBtn+ PwrCtrl+ MRL- AttnInd- PwrInd- HotPlug+ Surprise- Interlock- NoCompl+ LLActRep+
Mar  4 16:44:11 localhost kernel: pciehp 0000:00:18.4:pcie004: Slot #260 AttnBtn+ PwrCtrl+ MRL- AttnInd- PwrInd- HotPlug+ Surprise- Interlock- NoCompl+ LLActRep+
Mar  4 16:44:11 localhost kernel: pciehp 0000:00:18.5:pcie004: Slot #261 AttnBtn+ PwrCtrl+ MRL- AttnInd- PwrInd- HotPlug+ Surprise- Interlock- NoCompl+ LLActRep+
Mar  4 16:44:11 localhost kernel: pciehp 0000:00:18.6:pcie004: Slot #262 AttnBtn+ PwrCtrl+ MRL- AttnInd- PwrInd- HotPlug+ Surprise- Interlock- NoCompl+ LLActRep+
Mar  4 16:44:11 localhost kernel: pciehp 0000:00:18.7:pcie004: Slot #263 AttnBtn+ PwrCtrl+ MRL- AttnInd- PwrInd- HotPlug+ Surprise- Interlock- NoCompl+ LLActRep+
Mar  4 16:44:11 localhost kernel: pciehp: PCI Express Hot Plug Controller Driver version: 0.4
Mar  4 16:44:11 localhost kernel: shpchp 0000:00:01.0: Cannot get control of SHPC hotplug
Mar  4 16:44:11 localhost kernel: shpchp: Standard Hot Plug PCI Controller Driver version: 0.4
Mar  4 16:44:11 localhost kernel: ACPI: AC Adapter [ACAD] (on-line)
Mar  4 16:44:11 localhost kernel: input: Power Button as /devices/LNXSYSTM:00/LNXPWRBN:00/input/input0
Mar  4 16:44:11 localhost kernel: ACPI: Power Button [PWRF]
Mar  4 16:44:11 localhost kernel: GHES: HEST is not enabled!
Mar  4 16:44:11 localhost kernel: Serial: 8250/16550 driver, 4 ports, IRQ sharing enabled
Mar  4 16:44:11 localhost kernel: 00:05: ttyS0 at I/O 0x3f8 (irq = 4) is a 16550A
Mar  4 16:44:11 localhost kernel: Non-volatile memory driver v1.3
Mar  4 16:44:11 localhost kernel: Linux agpgart interface v0.103
Mar  4 16:44:11 localhost kernel: agpgart-intel 0000:00:00.0: Intel 440BX Chipset
Mar  4 16:44:11 localhost kernel: agpgart-intel 0000:00:00.0: AGP aperture is 256M @ 0x0
Mar  4 16:44:11 localhost kernel: crash memory driver: version 1.1
Mar  4 16:44:11 localhost kernel: rdac: device handler registered
Mar  4 16:44:11 localhost kernel: hp_sw: device handler registered
Mar  4 16:44:11 localhost kernel: emc: device handler registered
Mar  4 16:44:11 localhost kernel: alua: device handler registered
Mar  4 16:44:11 localhost kernel: libphy: Fixed MDIO Bus: probed
Mar  4 16:44:11 localhost kernel: ehci_hcd: USB 2.0 'Enhanced' Host Controller (EHCI) Driver
Mar  4 16:44:11 localhost kernel: ehci-pci: EHCI PCI platform driver
Mar  4 16:44:11 localhost kernel: ehci-pci 0000:02:03.0: EHCI Host Controller
Mar  4 16:44:11 localhost kernel: ehci-pci 0000:02:03.0: new USB bus registered, assigned bus number 1
Mar  4 16:44:11 localhost kernel: ehci-pci 0000:02:03.0: irq 17, io mem 0xfd5ef000
Mar  4 16:44:11 localhost kernel: ehci-pci 0000:02:03.0: USB 2.0 started, EHCI 1.00
Mar  4 16:44:11 localhost kernel: usb usb1: New USB device found, idVendor=1d6b, idProduct=0002
Mar  4 16:44:11 localhost kernel: usb usb1: New USB device strings: Mfr=3, Product=2, SerialNumber=1
Mar  4 16:44:11 localhost kernel: usb usb1: Product: EHCI Host Controller
Mar  4 16:44:11 localhost kernel: usb usb1: Manufacturer: Linux 3.10.0-957.el7.x86_64 ehci_hcd
Mar  4 16:44:11 localhost kernel: usb usb1: SerialNumber: 0000:02:03.0
Mar  4 16:44:11 localhost kernel: hub 1-0:1.0: USB hub found
Mar  4 16:44:11 localhost kernel: hub 1-0:1.0: 6 ports detected
Mar  4 16:44:11 localhost kernel: ohci_hcd: USB 1.1 'Open' Host Controller (OHCI) Driver
Mar  4 16:44:11 localhost kernel: ohci-pci: OHCI PCI platform driver
Mar  4 16:44:11 localhost kernel: uhci_hcd: USB Universal Host Controller Interface driver
Mar  4 16:44:11 localhost kernel: uhci_hcd 0000:02:00.0: UHCI Host Controller
Mar  4 16:44:11 localhost kernel: uhci_hcd 0000:02:00.0: new USB bus registered, assigned bus number 2
Mar  4 16:44:11 localhost kernel: uhci_hcd 0000:02:00.0: detected 2 ports
Mar  4 16:44:11 localhost kernel: uhci_hcd 0000:02:00.0: irq 18, io base 0x00002080
Mar  4 16:44:11 localhost kernel: usb usb2: New USB device found, idVendor=1d6b, idProduct=0001
Mar  4 16:44:11 localhost kernel: usb usb2: New USB device strings: Mfr=3, Product=2, SerialNumber=1
Mar  4 16:44:11 localhost kernel: usb usb2: Product: UHCI Host Controller
Mar  4 16:44:11 localhost kernel: usb usb2: Manufacturer: Linux 3.10.0-957.el7.x86_64 uhci_hcd
Mar  4 16:44:11 localhost kernel: usb usb2: SerialNumber: 0000:02:00.0
Mar  4 16:44:11 localhost kernel: hub 2-0:1.0: USB hub found
Mar  4 16:44:11 localhost kernel: hub 2-0:1.0: 2 ports detected
Mar  4 16:44:11 localhost kernel: usbcore: registered new interface driver usbserial_generic
Mar  4 16:44:11 localhost kernel: usbserial: USB Serial support registered for generic
Mar  4 16:44:11 localhost kernel: i8042: PNP: PS/2 Controller [PNP0303:KBC,PNP0f13:MOUS] at 0x60,0x64 irq 1,12
Mar  4 16:44:11 localhost kernel: serio: i8042 KBD port at 0x60,0x64 irq 1
Mar  4 16:44:11 localhost kernel: serio: i8042 AUX port at 0x60,0x64 irq 12
Mar  4 16:44:11 localhost kernel: mousedev: PS/2 mouse device common for all mice
Mar  4 16:44:11 localhost kernel: rtc_cmos 00:01: rtc core: registered rtc_cmos as rtc0
Mar  4 16:44:11 localhost kernel: rtc_cmos 00:01: alarms up to one month, y3k, 114 bytes nvram, hpet irqs
Mar  4 16:44:11 localhost kernel: cpuidle: using governor menu
Mar  4 16:44:11 localhost kernel: hidraw: raw HID events driver (C) Jiri Kosina
Mar  4 16:44:11 localhost kernel: usbcore: registered new interface driver usbhid
Mar  4 16:44:11 localhost kernel: usbhid: USB HID core driver
Mar  4 16:44:11 localhost kernel: drop_monitor: Initializing network drop monitor service
Mar  4 16:44:11 localhost kernel: TCP: cubic registered
Mar  4 16:44:11 localhost kernel: Initializing XFRM netlink socket
Mar  4 16:44:11 localhost kernel: NET: Registered protocol family 10
Mar  4 16:44:11 localhost kernel: input: AT Translated Set 2 keyboard as /devices/platform/i8042/serio0/input/input1
Mar  4 16:44:11 localhost kernel: input: VirtualPS/2 VMware VMMouse as /devices/platform/i8042/serio1/input/input2
Mar  4 16:44:11 localhost kernel: input: VirtualPS/2 VMware VMMouse as /devices/platform/i8042/serio1/input/input3
Mar  4 16:44:11 localhost kernel: NET: Registered protocol family 17
Mar  4 16:44:11 localhost kernel: mpls_gso: MPLS GSO support
Mar  4 16:44:11 localhost kernel: Loading compiled-in X.509 certificates
Mar  4 16:44:11 localhost kernel: Loaded X.509 cert 'CentOS Linux kpatch signing key: ea0413152cde1d98ebdca3fe6f0230904c9ef717'
Mar  4 16:44:11 localhost kernel: Loaded X.509 cert 'CentOS Linux Driver update signing key: 7f421ee0ab69461574bb358861dbe77762a4201b'
Mar  4 16:44:11 localhost kernel: Loaded X.509 cert 'CentOS Linux kernel signing key: b70dcf0df2d9b7f29159248249fd6fe87b781427'
Mar  4 16:44:11 localhost kernel: registered taskstats version 1
Mar  4 16:44:11 localhost kernel: Key type trusted registered
Mar  4 16:44:11 localhost kernel: Key type encrypted registered
Mar  4 16:44:11 localhost kernel: IMA: No TPM chip found, activating TPM-bypass! (rc=-19)
Mar  4 16:44:11 localhost kernel:  Magic number: 12:613:225
Mar  4 16:44:11 localhost kernel: pciehp 0000:00:16.5:pcie004: hash matches
Mar  4 16:44:11 localhost kernel: pcie_pme 0000:00:15.2:pcie001: hash matches
Mar  4 16:44:11 localhost kernel: acpi device:72: hash matches
Mar  4 16:44:11 localhost kernel: rtc_cmos 00:01: setting system clock to 2020-03-04 11:14:10 UTC (1583320450)
Mar  4 16:44:11 localhost kernel: Freeing unused kernel memory: 1876k freed
Mar  4 16:44:11 localhost kernel: Write protecting the kernel read-only data: 12288k
Mar  4 16:44:11 localhost kernel: Freeing unused kernel memory: 516k freed
Mar  4 16:44:11 localhost kernel: Freeing unused kernel memory: 600k freed
Mar  4 16:44:11 localhost kernel: random: systemd: uninitialized urandom read (16 bytes read)
Mar  4 16:44:11 localhost kernel: random: systemd: uninitialized urandom read (16 bytes read)
Mar  4 16:44:11 localhost kernel: random: systemd: uninitialized urandom read (16 bytes read)
Mar  4 16:44:11 localhost systemd[1]: systemd 219 running in system mode. (+PAM +AUDIT +SELINUX +IMA -APPARMOR +SMACK +SYSVINIT +UTMP +LIBCRYPTSETUP +GCRYPT +GNUTLS +ACL +XZ +LZ4 -SECCOMP +BLKID +ELFUTILS +KMOD +IDN)
Mar  4 16:44:11 localhost systemd[1]: Detected virtualization vmware.
Mar  4 16:44:11 localhost systemd[1]: Detected architecture x86-64.
Mar  4 16:44:11 localhost systemd[1]: Running in initial RAM disk.
Mar  4 16:44:11 localhost systemd[1]: Set hostname to <localhost.localdomain>.
Mar  4 16:44:11 localhost kernel: random: systemd: uninitialized urandom read (16 bytes read)
Mar  4 16:44:11 localhost kernel: random: systemd: uninitialized urandom read (16 bytes read)
Mar  4 16:44:11 localhost kernel: random: systemd: uninitialized urandom read (16 bytes read)
Mar  4 16:44:11 localhost kernel: random: systemd: uninitialized urandom read (16 bytes read)
Mar  4 16:44:11 localhost kernel: random: systemd: uninitialized urandom read (16 bytes read)
Mar  4 16:44:11 localhost kernel: random: systemd: uninitialized urandom read (16 bytes read)
Mar  4 16:44:11 localhost kernel: random: systemd: uninitialized urandom read (16 bytes read)
Mar  4 16:44:11 localhost systemd[1]: Created slice Root Slice.
Mar  4 16:44:11 localhost systemd[1]: Listening on udev Kernel Socket.
Mar  4 16:44:11 localhost systemd[1]: Listening on udev Control Socket.
Mar  4 16:44:11 localhost systemd[1]: Reached target Local File Systems.
Mar  4 16:44:11 localhost systemd[1]: Reached target Timers.
Mar  4 16:44:11 localhost systemd[1]: Listening on Journal Socket.
Mar  4 16:44:11 localhost systemd[1]: Reached target Sockets.
Mar  4 16:44:11 localhost systemd[1]: Reached target Swap.
Mar  4 16:44:11 localhost systemd[1]: Created slice System Slice.
Mar  4 16:44:11 localhost systemd[1]: Starting Create list of required static device nodes for the current kernel...
Mar  4 16:44:11 localhost systemd[1]: Starting Journal Service...
Mar  4 16:44:11 localhost systemd[1]: Reached target Slices.
Mar  4 16:44:11 localhost systemd[1]: Starting Setup Virtual Console...
Mar  4 16:44:11 localhost systemd[1]: Starting dracut cmdline hook...
Mar  4 16:44:11 localhost systemd[1]: Starting Apply Kernel Variables...
Mar  4 16:44:11 localhost systemd[1]: Started Create list of required static device nodes for the current kernel.
Mar  4 16:44:11 localhost systemd[1]: Started Apply Kernel Variables.
Mar  4 16:44:11 localhost systemd[1]: Starting Create Static Device Nodes in /dev...
Mar  4 16:44:11 localhost systemd[1]: Started Create Static Device Nodes in /dev.
Mar  4 16:44:11 localhost kernel: usb 2-1: new full-speed USB device number 2 using uhci_hcd
Mar  4 16:44:11 localhost journal: Journal started
Mar  4 16:44:11 localhost systemd[1]: Started Journal Service.
Mar  4 16:44:11 localhost systemd: Started Setup Virtual Console.
Mar  4 16:44:11 localhost systemd: Started dracut cmdline hook.
Mar  4 16:44:11 localhost systemd: Starting dracut pre-udev hook...
Mar  4 16:44:11 localhost systemd: Started dracut pre-udev hook.
Mar  4 16:44:11 localhost systemd: Starting udev Kernel Device Manager...
Mar  4 16:44:11 localhost systemd-udevd: starting version 219
Mar  4 16:44:11 localhost systemd: Started udev Kernel Device Manager.
Mar  4 16:44:11 localhost systemd: Starting udev Coldplug all Devices...
Mar  4 16:44:11 localhost kernel: usb 2-1: New USB device found, idVendor=0e0f, idProduct=0003
Mar  4 16:44:11 localhost kernel: usb 2-1: New USB device strings: Mfr=1, Product=2, SerialNumber=0
Mar  4 16:44:11 localhost kernel: usb 2-1: Product: VMware Virtual USB Mouse
Mar  4 16:44:11 localhost kernel: usb 2-1: Manufacturer: VMware
Mar  4 16:44:11 localhost kernel: input: VMware VMware Virtual USB Mouse as /devices/pci0000:00/0000:00:11.0/0000:02:00.0/usb2/2-1/2-1:1.0/input/input4
Mar  4 16:44:11 localhost kernel: hid-generic 0003:0E0F:0003.0001: input,hidraw0: USB HID v1.10 Mouse [VMware VMware Virtual USB Mouse] on usb-0000:02:00.0-1/input0
Mar  4 16:44:11 localhost kernel: usb 2-2: new full-speed USB device number 3 using uhci_hcd
Mar  4 16:44:11 localhost systemd: Started udev Coldplug all Devices.
Mar  4 16:44:11 localhost systemd: Starting Show Plymouth Boot Screen...
Mar  4 16:44:11 localhost systemd: Reached target System Initialization.
Mar  4 16:44:11 localhost systemd: Starting dracut initqueue hook...
Mar  4 16:44:11 localhost kernel: usb 2-2: New USB device found, idVendor=0e0f, idProduct=0002
Mar  4 16:44:11 localhost kernel: usb 2-2: New USB device strings: Mfr=0, Product=1, SerialNumber=0
